OpenJDK 64-Bit Server VM (25.265-b01) for linux-amd64 JRE (1.8.0_265-8u265-b01-0ubuntu2~18.04-b01), built on Aug  3 2020 01:16:56 by "buildd" with gcc 7.5.0
Memory: 4k page, physical 32733468k(18311072k free), swap 1003516k(25784k free)
CommandLine flags: -XX:+DisableExplicitGC -XX:InitialHeapSize=1073741824 -XX:InitiatingHeapOccupancyPercent=35 -XX:+ManagementServer -XX:MaxGCPauseMillis=20 -XX:MaxHeapSize=1073741824 -XX:+PrintGC -XX:+PrintGCDateStamps -XX:+PrintGCDetails -XX:+PrintGCTimeStamps -XX:+UseCompressedClassPointers -XX:+UseCompressedOops -XX:+UseG1GC 
2020-09-08T17:16:08.866+0200: 0,684: [GC pause (G1 Evacuation Pause) (young), 0,0117774 secs]
   [Parallel Time: 6,5 ms, GC Workers: 8]
      [GC Worker Start (ms): Min: 684,0, Avg: 684,0, Max: 684,1, Diff: 0,1]
      [Ext Root Scanning (ms): Min: 0,2, Avg: 1,2, Max: 4,1, Diff: 3,9, Sum: 9,7]
      [Update RS (ms): Min: 0,0, Avg: 0,0, Max: 0,0, Diff: 0,0, Sum: 0,0]
         [Processed Buffers: Min: 0, Avg: 0,0, Max: 0, Diff: 0, Sum: 0]
      [Scan RS (ms): Min: 0,0, Avg: 0,0, Max: 0,0, Diff: 0,0, Sum: 0,1]
      [Code Root Scanning (ms): Min: 0,0, Avg: 0,1, Max: 0,4, Diff: 0,4, Sum: 0,6]
      [Object Copy (ms): Min: 0,0, Avg: 2,4, Max: 5,3, Diff: 5,3, Sum: 19,2]
      [Termination (ms): Min: 0,0, Avg: 2,5, Max: 3,1, Diff: 3,1, Sum: 20,2]
         [Termination Attempts: Min: 1, Avg: 27,0, Max: 49, Diff: 48, Sum: 216]
      [GC Worker Other (ms): Min: 0,0, Avg: 0,0, Max: 0,0, Diff: 0,0, Sum: 0,1]
      [GC Worker Total (ms): Min: 6,1, Avg: 6,2, Max: 6,3, Diff: 0,2, Sum: 49,8]
      [GC Worker End (ms): Min: 690,2, Avg: 690,3, Max: 690,3, Diff: 0,1]
   [Code Root Fixup: 0,0 ms]
   [Code Root Purge: 0,0 ms]
   [Clear CT: 0,2 ms]
   [Other: 5,1 ms]
      [Choose CSet: 0,0 ms]
      [Ref Proc: 4,6 ms]
      [Ref Enq: 0,0 ms]
      [Redirty Cards: 0,1 ms]
      [Humongous Register: 0,0 ms]
      [Humongous Reclaim: 0,0 ms]
      [Free CSet: 0,1 ms]
   [Eden: 52224,0K(52224,0K)->0,0B(45056,0K) Survivors: 0,0B->7168,0K Heap: 52224,0K(1024,0M)->7726,5K(1024,0M)]
 [Times: user=0,05 sys=0,00, real=0,01 secs] 
2020-09-08T17:16:09.287+0200: 1,104: [GC pause (G1 Evacuation Pause) (young), 0,0184573 secs]
   [Parallel Time: 9,1 ms, GC Workers: 8]
      [GC Worker Start (ms): Min: 1104,3, Avg: 1106,4, Max: 1111,8, Diff: 7,5]
      [Ext Root Scanning (ms): Min: 0,0, Avg: 1,4, Max: 6,0, Diff: 6,0, Sum: 11,2]
      [Update RS (ms): Min: 0,0, Avg: 0,0, Max: 0,1, Diff: 0,1, Sum: 0,1]
         [Processed Buffers: Min: 0, Avg: 0,1, Max: 1, Diff: 1, Sum: 1]
      [Scan RS (ms): Min: 0,0, Avg: 0,0, Max: 0,0, Diff: 0,0, Sum: 0,1]
      [Code Root Scanning (ms): Min: 0,0, Avg: 1,7, Max: 7,5, Diff: 7,5, Sum: 13,5]
      [Object Copy (ms): Min: 0,0, Avg: 2,1, Max: 5,5, Diff: 5,5, Sum: 16,6]
      [Termination (ms): Min: 0,0, Avg: 1,7, Max: 2,4, Diff: 2,4, Sum: 13,7]
         [Termination Attempts: Min: 1, Avg: 53,8, Max: 138, Diff: 137, Sum: 430]
      [GC Worker Other (ms): Min: 0,0, Avg: 0,0, Max: 0,0, Diff: 0,0, Sum: 0,0]
      [GC Worker Total (ms): Min: 1,5, Avg: 6,9, Max: 9,0, Diff: 7,5, Sum: 55,1]
      [GC Worker End (ms): Min: 1113,2, Avg: 1113,3, Max: 1113,3, Diff: 0,0]
   [Code Root Fixup: 0,0 ms]
   [Code Root Purge: 0,0 ms]
   [Clear CT: 0,2 ms]
   [Other: 9,1 ms]
      [Choose CSet: 0,0 ms]
      [Ref Proc: 8,4 ms]
      [Ref Enq: 0,0 ms]
      [Redirty Cards: 0,2 ms]
      [Humongous Register: 0,0 ms]
      [Humongous Reclaim: 0,1 ms]
      [Free CSet: 0,1 ms]
   [Eden: 45056,0K(45056,0K)->0,0B(45056,0K) Survivors: 7168,0K->7168,0K Heap: 179,5M(1024,0M)->137,9M(1024,0M)]
 [Times: user=0,08 sys=0,00, real=0,02 secs] 
2020-09-08T17:16:22.355+0200: 14,172: [GC pause (Metadata GC Threshold) (young) (initial-mark), 0,0083044 secs]
   [Parallel Time: 6,2 ms, GC Workers: 8]
      [GC Worker Start (ms): Min: 14172,6, Avg: 14173,1, Max: 14173,7, Diff: 1,1]
      [Ext Root Scanning (ms): Min: 0,0, Avg: 1,5, Max: 4,0, Diff: 4,0, Sum: 12,3]
      [Update RS (ms): Min: 0,0, Avg: 0,1, Max: 0,2, Diff: 0,2, Sum: 0,5]
         [Processed Buffers: Min: 0, Avg: 0,9, Max: 3, Diff: 3, Sum: 7]
      [Scan RS (ms): Min: 0,0, Avg: 0,0, Max: 0,0, Diff: 0,0, Sum: 0,0]
      [Code Root Scanning (ms): Min: 0,0, Avg: 0,7, Max: 4,6, Diff: 4,6, Sum: 5,7]
      [Object Copy (ms): Min: 0,0, Avg: 1,9, Max: 3,4, Diff: 3,4, Sum: 15,0]
      [Termination (ms): Min: 0,0, Avg: 1,3, Max: 1,7, Diff: 1,7, Sum: 10,0]
         [Termination Attempts: Min: 1, Avg: 1,2, Max: 2, Diff: 1, Sum: 10]
      [GC Worker Other (ms): Min: 0,0, Avg: 0,0, Max: 0,0, Diff: 0,0, Sum: 0,0]
      [GC Worker Total (ms): Min: 4,9, Avg: 5,5, Max: 6,1, Diff: 1,2, Sum: 43,6]
      [GC Worker End (ms): Min: 14178,5, Avg: 14178,6, Max: 14178,7, Diff: 0,2]
   [Code Root Fixup: 0,1 ms]
   [Code Root Purge: 0,0 ms]
   [Clear CT: 0,1 ms]
   [Other: 1,9 ms]
      [Choose CSet: 0,0 ms]
      [Ref Proc: 1,5 ms]
      [Ref Enq: 0,0 ms]
      [Redirty Cards: 0,1 ms]
      [Humongous Register: 0,0 ms]
      [Humongous Reclaim: 0,0 ms]
      [Free CSet: 0,1 ms]
   [Eden: 22528,0K(45056,0K)->0,0B(46080,0K) Survivors: 7168,0K->6144,0K Heap: 159,2M(1024,0M)->139,4M(1024,0M)]
 [Times: user=0,04 sys=0,00, real=0,00 secs] 
2020-09-08T17:16:22.364+0200: 14,181: [GC concurrent-root-region-scan-start]
2020-09-08T17:16:22.366+0200: 14,183: [GC concurrent-root-region-scan-end, 0,0022958 secs]
2020-09-08T17:16:22.366+0200: 14,183: [GC concurrent-mark-start]
2020-09-08T17:16:22.371+0200: 14,188: [GC concurrent-mark-end, 0,0047651 secs]
2020-09-08T17:16:22.371+0200: 14,188: [GC remark 2020-09-08T17:16:22.371+0200: 14,188: [Finalize Marking, 0,0016877 secs] 2020-09-08T17:16:22.373+0200: 14,190: [GC ref-proc, 0,0004416 secs] 2020-09-08T17:16:22.373+0200: 14,190: [Unloading, 0,0026092 secs], 0,0062886 secs]
 [Times: user=0,02 sys=0,01, real=0,01 secs] 
2020-09-08T17:16:22.378+0200: 14,195: [GC cleanup 140M->137M(1024M), 0,0010982 secs]
 [Times: user=0,00 sys=0,00, real=0,00 secs] 
2020-09-08T17:16:22.379+0200: 14,196: [GC concurrent-cleanup-start]
2020-09-08T17:16:22.379+0200: 14,196: [GC concurrent-cleanup-end, 0,0000196 secs]
2020-09-08T17:16:23.028+0200: 14,845: [GC pause (G1 Evacuation Pause) (young), 0,0142013 secs]
   [Parallel Time: 5,9 ms, GC Workers: 8]
      [GC Worker Start (ms): Min: 14845,5, Avg: 14848,6, Max: 14851,2, Diff: 5,7]
      [Ext Root Scanning (ms): Min: 0,0, Avg: 0,3, Max: 0,8, Diff: 0,8, Sum: 2,0]
      [Update RS (ms): Min: 0,0, Avg: 0,3, Max: 0,8, Diff: 0,8, Sum: 2,2]
         [Processed Buffers: Min: 0, Avg: 2,4, Max: 9, Diff: 9, Sum: 19]
      [Scan RS (ms): Min: 0,0, Avg: 0,1, Max: 0,4, Diff: 0,4, Sum: 0,5]
      [Code Root Scanning (ms): Min: 0,0, Avg: 0,4, Max: 2,5, Diff: 2,5, Sum: 3,0]
      [Object Copy (ms): Min: 0,0, Avg: 1,0, Max: 3,8, Diff: 3,8, Sum: 8,3]
      [Termination (ms): Min: 0,0, Avg: 0,5, Max: 0,9, Diff: 0,9, Sum: 4,3]
         [Termination Attempts: Min: 1, Avg: 3,9, Max: 8, Diff: 7, Sum: 31]
      [GC Worker Other (ms): Min: 0,0, Avg: 0,0, Max: 0,0, Diff: 0,0, Sum: 0,0]
      [GC Worker Total (ms): Min: 0,0, Avg: 2,6, Max: 5,7, Diff: 5,7, Sum: 20,4]
      [GC Worker End (ms): Min: 14851,2, Avg: 14851,2, Max: 14851,2, Diff: 0,0]
   [Code Root Fixup: 0,0 ms]
   [Code Root Purge: 0,0 ms]
   [Clear CT: 0,1 ms]
   [Other: 8,1 ms]
      [Choose CSet: 0,0 ms]
      [Ref Proc: 7,7 ms]
      [Ref Enq: 0,0 ms]
      [Redirty Cards: 0,1 ms]
      [Humongous Register: 0,1 ms]
      [Humongous Reclaim: 0,0 ms]
      [Free CSet: 0,0 ms]
   [Eden: 46080,0K(46080,0K)->0,0B(46080,0K) Survivors: 6144,0K->6144,0K Heap: 181,4M(1024,0M)->136,2M(1024,0M)]
 [Times: user=0,07 sys=0,00, real=0,01 secs] 
2020-09-08T17:16:23.259+0200: 15,077: [GC pause (G1 Evacuation Pause) (young), 0,0067718 secs]
   [Parallel Time: 4,1 ms, GC Workers: 8]
      [GC Worker Start (ms): Min: 15076,8, Avg: 15078,1, Max: 15080,7, Diff: 3,9]
      [Ext Root Scanning (ms): Min: 0,0, Avg: 0,4, Max: 1,0, Diff: 1,0, Sum: 3,2]
      [Update RS (ms): Min: 0,0, Avg: 0,1, Max: 0,4, Diff: 0,4, Sum: 0,8]
         [Processed Buffers: Min: 0, Avg: 1,6, Max: 6, Diff: 6, Sum: 13]
      [Scan RS (ms): Min: 0,0, Avg: 0,0, Max: 0,0, Diff: 0,0, Sum: 0,1]
      [Code Root Scanning (ms): Min: 0,0, Avg: 0,1, Max: 0,7, Diff: 0,7, Sum: 0,8]
      [Object Copy (ms): Min: 0,0, Avg: 1,5, Max: 2,4, Diff: 2,4, Sum: 11,7]
      [Termination (ms): Min: 0,0, Avg: 0,6, Max: 0,9, Diff: 0,9, Sum: 4,6]
         [Termination Attempts: Min: 1, Avg: 1,2, Max: 3, Diff: 2, Sum: 10]
      [GC Worker Other (ms): Min: 0,0, Avg: 0,0, Max: 0,0, Diff: 0,0, Sum: 0,1]
      [GC Worker Total (ms): Min: 0,0, Avg: 2,7, Max: 4,0, Diff: 3,9, Sum: 21,2]
      [GC Worker End (ms): Min: 15080,7, Avg: 15080,8, Max: 15080,8, Diff: 0,1]
   [Code Root Fixup: 0,0 ms]
   [Code Root Purge: 0,0 ms]
   [Clear CT: 0,1 ms]
   [Other: 2,5 ms]
      [Choose CSet: 0,0 ms]
      [Ref Proc: 2,1 ms]
      [Ref Enq: 0,0 ms]
      [Redirty Cards: 0,1 ms]
      [Humongous Register: 0,1 ms]
      [Humongous Reclaim: 0,0 ms]
      [Free CSet: 0,0 ms]
   [Eden: 46080,0K(46080,0K)->0,0B(47104,0K) Survivors: 6144,0K->5120,0K Heap: 186,2M(1024,0M)->140,5M(1024,0M)]
 [Times: user=0,04 sys=0,00, real=0,01 secs] 
2020-09-08T17:16:23.405+0200: 15,223: [GC pause (G1 Humongous Allocation) (young) (initial-mark), 0,0073868 secs]
   [Parallel Time: 4,6 ms, GC Workers: 8]
      [GC Worker Start (ms): Min: 15222,8, Avg: 15222,9, Max: 15223,3, Diff: 0,6]
      [Ext Root Scanning (ms): Min: 0,5, Avg: 1,5, Max: 4,1, Diff: 3,6, Sum: 11,9]
      [Update RS (ms): Min: 0,0, Avg: 0,1, Max: 0,3, Diff: 0,3, Sum: 0,8]
         [Processed Buffers: Min: 0, Avg: 1,4, Max: 5, Diff: 5, Sum: 11]
      [Scan RS (ms): Min: 0,0, Avg: 0,0, Max: 0,0, Diff: 0,0, Sum: 0,0]
      [Code Root Scanning (ms): Min: 0,0, Avg: 0,1, Max: 0,5, Diff: 0,5, Sum: 1,0]
      [Object Copy (ms): Min: 0,0, Avg: 1,3, Max: 2,0, Diff: 2,0, Sum: 10,7]
      [Termination (ms): Min: 0,0, Avg: 1,1, Max: 1,4, Diff: 1,4, Sum: 9,1]
         [Termination Attempts: Min: 1, Avg: 1,0, Max: 1, Diff: 0, Sum: 8]
      [GC Worker Other (ms): Min: 0,0, Avg: 0,0, Max: 0,0, Diff: 0,0, Sum: 0,1]
      [GC Worker Total (ms): Min: 3,8, Avg: 4,2, Max: 4,4, Diff: 0,7, Sum: 33,5]
      [GC Worker End (ms): Min: 15227,0, Avg: 15227,1, Max: 15227,2, Diff: 0,2]
   [Code Root Fixup: 0,0 ms]
   [Code Root Purge: 0,0 ms]
   [Clear CT: 0,2 ms]
   [Other: 2,6 ms]
      [Choose CSet: 0,0 ms]
      [Ref Proc: 1,9 ms]
      [Ref Enq: 0,0 ms]
      [Redirty Cards: 0,1 ms]
      [Humongous Register: 0,0 ms]
      [Humongous Reclaim: 0,3 ms]
      [Free CSet: 0,0 ms]
   [Eden: 4096,0K(47104,0K)->0,0B(45056,0K) Survivors: 5120,0K->7168,0K Heap: 324,0M(1024,0M)->137,6M(1024,0M)]
 [Times: user=0,04 sys=0,00, real=0,00 secs] 
2020-09-08T17:16:23.413+0200: 15,230: [GC concurrent-root-region-scan-start]
2020-09-08T17:16:23.416+0200: 15,233: [GC concurrent-root-region-scan-end, 0,0030455 secs]
2020-09-08T17:16:23.416+0200: 15,233: [GC concurrent-mark-start]
2020-09-08T17:16:23.421+0200: 15,238: [GC concurrent-mark-end, 0,0048185 secs]
2020-09-08T17:16:23.421+0200: 15,238: [GC remark 2020-09-08T17:16:23.421+0200: 15,238: [Finalize Marking, 0,0060777 secs] 2020-09-08T17:16:23.427+0200: 15,244: [GC ref-proc, 0,0005072 secs] 2020-09-08T17:16:23.428+0200: 15,245: [Unloading, 0,0030238 secs], 0,0111334 secs]
 [Times: user=0,05 sys=0,00, real=0,01 secs] 
2020-09-08T17:16:23.432+0200: 15,250: [GC cleanup 197M->197M(1024M), 0,0010169 secs]
 [Times: user=0,00 sys=0,00, real=0,01 secs] 
2020-09-08T17:17:15.608+0200: 67,426: [GC pause (G1 Evacuation Pause) (young), 0,0262361 secs]
   [Parallel Time: 17,6 ms, GC Workers: 8]
      [GC Worker Start (ms): Min: 67430,1, Avg: 67432,9, Max: 67436,6, Diff: 6,5]
      [Ext Root Scanning (ms): Min: 0,0, Avg: 1,6, Max: 8,3, Diff: 8,3, Sum: 12,6]
      [Update RS (ms): Min: 0,0, Avg: 0,1, Max: 0,5, Diff: 0,5, Sum: 0,9]
         [Processed Buffers: Min: 0, Avg: 2,8, Max: 19, Diff: 19, Sum: 22]
      [Scan RS (ms): Min: 0,0, Avg: 1,1, Max: 8,7, Diff: 8,7, Sum: 8,8]
      [Code Root Scanning (ms): Min: 0,0, Avg: 2,1, Max: 8,2, Diff: 8,2, Sum: 16,7]
      [Object Copy (ms): Min: 0,0, Avg: 3,9, Max: 8,7, Diff: 8,7, Sum: 30,9]
      [Termination (ms): Min: 0,0, Avg: 1,6, Max: 2,8, Diff: 2,8, Sum: 12,6]
         [Termination Attempts: Min: 1, Avg: 1,4, Max: 3, Diff: 2, Sum: 11]
      [GC Worker Other (ms): Min: 0,0, Avg: 0,0, Max: 0,0, Diff: 0,0, Sum: 0,1]
      [GC Worker Total (ms): Min: 6,7, Avg: 10,3, Max: 13,2, Diff: 6,5, Sum: 82,7]
      [GC Worker End (ms): Min: 67443,0, Avg: 67443,3, Max: 67443,4, Diff: 0,4]
   [Code Root Fixup: 0,0 ms]
   [Code Root Purge: 0,0 ms]
   [Clear CT: 0,3 ms]
   [Other: 8,3 ms]
      [Choose CSet: 0,0 ms]
      [Ref Proc: 7,7 ms]
      [Ref Enq: 0,0 ms]
      [Redirty Cards: 0,1 ms]
      [Humongous Register: 0,1 ms]
      [Humongous Reclaim: 0,1 ms]
      [Free CSet: 0,1 ms]
   [Eden: 45056,0K(45056,0K)->0,0B(45056,0K) Survivors: 7168,0K->7168,0K Heap: 246,6M(1024,0M)->138,4M(1024,0M)]
 [Times: user=0,04 sys=0,01, real=0,03 secs] 
2020-09-08T17:17:15.769+0200: 67,586: [GC pause (G1 Evacuation Pause) (young), 0,0440837 secs]
   [Parallel Time: 36,4 ms, GC Workers: 8]
      [GC Worker Start (ms): Min: 67587,2, Avg: 67589,7, Max: 67592,7, Diff: 5,5]
      [Ext Root Scanning (ms): Min: 0,0, Avg: 0,3, Max: 1,2, Diff: 1,2, Sum: 2,4]
      [Update RS (ms): Min: 0,0, Avg: 2,2, Max: 12,4, Diff: 12,4, Sum: 17,8]
         [Processed Buffers: Min: 0, Avg: 1,1, Max: 6, Diff: 6, Sum: 9]
      [Scan RS (ms): Min: 0,0, Avg: 0,0, Max: 0,0, Diff: 0,0, Sum: 0,1]
      [Code Root Scanning (ms): Min: 0,0, Avg: 0,1, Max: 0,5, Diff: 0,5, Sum: 1,0]
      [Object Copy (ms): Min: 0,4, Avg: 7,4, Max: 12,9, Diff: 12,5, Sum: 59,1]
      [Termination (ms): Min: 0,0, Avg: 7,5, Max: 25,1, Diff: 25,1, Sum: 60,1]
         [Termination Attempts: Min: 1, Avg: 1,0, Max: 1, Diff: 0, Sum: 8]
      [GC Worker Other (ms): Min: 0,0, Avg: 0,0, Max: 0,0, Diff: 0,0, Sum: 0,1]
      [GC Worker Total (ms): Min: 12,5, Avg: 17,6, Max: 35,4, Diff: 22,9, Sum: 140,6]
      [GC Worker End (ms): Min: 67605,1, Avg: 67607,3, Max: 67622,6, Diff: 17,5]
   [Code Root Fixup: 0,0 ms]
   [Code Root Purge: 0,0 ms]
   [Clear CT: 0,2 ms]
   [Other: 7,5 ms]
      [Choose CSet: 0,0 ms]
      [Ref Proc: 6,9 ms]
      [Ref Enq: 0,0 ms]
      [Redirty Cards: 0,1 ms]
      [Humongous Register: 0,1 ms]
      [Humongous Reclaim: 0,1 ms]
      [Free CSet: 0,1 ms]
   [Eden: 45056,0K(45056,0K)->0,0B(45056,0K) Survivors: 7168,0K->7168,0K Heap: 182,4M(1024,0M)->137,8M(1024,0M)]
 [Times: user=0,04 sys=0,00, real=0,05 secs] 
2020-09-08T17:17:15.929+0200: 67,746: [GC pause (G1 Evacuation Pause) (young), 0,0398892 secs]
   [Parallel Time: 32,7 ms, GC Workers: 8]
      [GC Worker Start (ms): Min: 67746,3, Avg: 67750,2, Max: 67754,4, Diff: 8,2]
      [Ext Root Scanning (ms): Min: 0,0, Avg: 4,3, Max: 24,1, Diff: 24,1, Sum: 34,1]
      [Update RS (ms): Min: 0,0, Avg: 2,0, Max: 15,2, Diff: 15,2, Sum: 15,6]
         [Processed Buffers: Min: 0, Avg: 1,1, Max: 8, Diff: 8, Sum: 9]
      [Scan RS (ms): Min: 0,0, Avg: 0,0, Max: 0,0, Diff: 0,0, Sum: 0,1]
      [Code Root Scanning (ms): Min: 0,0, Avg: 2,5, Max: 10,8, Diff: 10,8, Sum: 20,3]
      [Object Copy (ms): Min: 0,2, Avg: 10,2, Max: 23,9, Diff: 23,7, Sum: 81,6]
      [Termination (ms): Min: 0,0, Avg: 9,4, Max: 16,7, Diff: 16,7, Sum: 75,3]
         [Termination Attempts: Min: 1, Avg: 1,4, Max: 4, Diff: 3, Sum: 11]
      [GC Worker Other (ms): Min: 0,0, Avg: 0,0, Max: 0,0, Diff: 0,0, Sum: 0,1]
      [GC Worker Total (ms): Min: 23,9, Avg: 28,4, Max: 32,5, Diff: 8,6, Sum: 227,0]
      [GC Worker End (ms): Min: 67778,4, Avg: 67778,6, Max: 67778,9, Diff: 0,6]
   [Code Root Fixup: 0,0 ms]
   [Code Root Purge: 0,0 ms]
   [Clear CT: 0,1 ms]
   [Other: 7,0 ms]
      [Choose CSet: 0,0 ms]
      [Ref Proc: 6,6 ms]
      [Ref Enq: 0,0 ms]
      [Redirty Cards: 0,1 ms]
      [Humongous Register: 0,1 ms]
      [Humongous Reclaim: 0,0 ms]
      [Free CSet: 0,1 ms]
   [Eden: 45056,0K(45056,0K)->0,0B(45056,0K) Survivors: 7168,0K->7168,0K Heap: 181,8M(1024,0M)->137,8M(1024,0M)]
 [Times: user=0,04 sys=0,00, real=0,04 secs] 
2020-09-08T17:17:16.103+0200: 67,920: [GC pause (G1 Evacuation Pause) (young), 0,0420445 secs]
   [Parallel Time: 36,5 ms, GC Workers: 8]
      [GC Worker Start (ms): Min: 67920,4, Avg: 67924,9, Max: 67927,7, Diff: 7,4]
      [Ext Root Scanning (ms): Min: 0,0, Avg: 0,3, Max: 2,1, Diff: 2,1, Sum: 2,5]
      [Update RS (ms): Min: 0,0, Avg: 0,1, Max: 0,8, Diff: 0,8, Sum: 0,8]
         [Processed Buffers: Min: 0, Avg: 1,2, Max: 10, Diff: 10, Sum: 10]
      [Scan RS (ms): Min: 0,0, Avg: 0,0, Max: 0,1, Diff: 0,1, Sum: 0,1]
      [Code Root Scanning (ms): Min: 0,0, Avg: 2,5, Max: 19,6, Diff: 19,6, Sum: 19,6]
      [Object Copy (ms): Min: 0,2, Avg: 14,7, Max: 28,3, Diff: 28,0, Sum: 117,5]
      [Termination (ms): Min: 0,0, Avg: 13,1, Max: 19,7, Diff: 19,7, Sum: 104,8]
         [Termination Attempts: Min: 1, Avg: 1,2, Max: 2, Diff: 1, Sum: 10]
      [GC Worker Other (ms): Min: 0,0, Avg: 0,8, Max: 6,2, Diff: 6,1, Sum: 6,2]
      [GC Worker Total (ms): Min: 28,3, Avg: 31,5, Max: 36,4, Diff: 8,1, Sum: 251,6]
      [GC Worker End (ms): Min: 67956,0, Avg: 67956,3, Max: 67956,8, Diff: 0,8]
   [Code Root Fixup: 0,1 ms]
   [Code Root Purge: 0,0 ms]
   [Clear CT: 0,1 ms]
   [Other: 5,3 ms]
      [Choose CSet: 0,0 ms]
      [Ref Proc: 4,7 ms]
      [Ref Enq: 0,0 ms]
      [Redirty Cards: 0,2 ms]
      [Humongous Register: 0,1 ms]
      [Humongous Reclaim: 0,1 ms]
      [Free CSet: 0,1 ms]
   [Eden: 45056,0K(45056,0K)->0,0B(46080,0K) Survivors: 7168,0K->6144,0K Heap: 181,8M(1024,0M)->138,8M(1024,0M)]
 [Times: user=0,07 sys=0,00, real=0,05 secs] 
2020-09-08T17:17:16.279+0200: 68,096: [GC pause (G1 Evacuation Pause) (young), 0,0459396 secs]
   [Parallel Time: 37,9 ms, GC Workers: 8]
      [GC Worker Start (ms): Min: 68096,3, Avg: 68102,3, Max: 68109,1, Diff: 12,8]
      [Ext Root Scanning (ms): Min: 0,0, Avg: 0,3, Max: 1,1, Diff: 1,1, Sum: 2,1]
      [Update RS (ms): Min: 0,0, Avg: 0,4, Max: 1,8, Diff: 1,8, Sum: 3,5]
         [Processed Buffers: Min: 0, Avg: 1,9, Max: 11, Diff: 11, Sum: 15]
      [Scan RS (ms): Min: 0,0, Avg: 0,0, Max: 0,0, Diff: 0,0, Sum: 0,1]
      [Code Root Scanning (ms): Min: 0,0, Avg: 0,7, Max: 5,3, Diff: 5,3, Sum: 5,7]
      [Object Copy (ms): Min: 0,0, Avg: 5,8, Max: 28,0, Diff: 28,0, Sum: 46,3]
      [Termination (ms): Min: 0,0, Avg: 19,1, Max: 29,5, Diff: 29,5, Sum: 153,0]
         [Termination Attempts: Min: 1, Avg: 1,5, Max: 3, Diff: 2, Sum: 12]
      [GC Worker Other (ms): Min: 0,0, Avg: 0,0, Max: 0,0, Diff: 0,0, Sum: 0,1]
      [GC Worker Total (ms): Min: 18,6, Avg: 26,3, Max: 37,4, Diff: 18,8, Sum: 210,7]
      [GC Worker End (ms): Min: 68127,6, Avg: 68128,6, Max: 68134,2, Diff: 6,6]
   [Code Root Fixup: 0,0 ms]
   [Code Root Purge: 0,0 ms]
   [Clear CT: 0,9 ms]
   [Other: 7,1 ms]
      [Choose CSet: 0,0 ms]
      [Ref Proc: 6,6 ms]
      [Ref Enq: 0,0 ms]
      [Redirty Cards: 0,2 ms]
      [Humongous Register: 0,1 ms]
      [Humongous Reclaim: 0,0 ms]
      [Free CSet: 0,0 ms]
   [Eden: 46080,0K(46080,0K)->0,0B(49152,0K) Survivors: 6144,0K->3072,0K Heap: 183,8M(1024,0M)->136,0M(1024,0M)]
 [Times: user=0,08 sys=0,00, real=0,05 secs] 
2020-09-08T17:17:16.523+0200: 68,340: [GC pause (G1 Evacuation Pause) (young), 0,0153977 secs]
   [Parallel Time: 9,3 ms, GC Workers: 8]
      [GC Worker Start (ms): Min: 68340,0, Avg: 68342,2, Max: 68347,0, Diff: 6,9]
      [Ext Root Scanning (ms): Min: 0,0, Avg: 0,7, Max: 3,5, Diff: 3,5, Sum: 5,4]
      [Update RS (ms): Min: 0,0, Avg: 0,2, Max: 0,6, Diff: 0,6, Sum: 1,5]
         [Processed Buffers: Min: 0, Avg: 1,2, Max: 8, Diff: 8, Sum: 10]
      [Scan RS (ms): Min: 0,0, Avg: 0,0, Max: 0,0, Diff: 0,0, Sum: 0,1]
      [Code Root Scanning (ms): Min: 0,0, Avg: 0,9, Max: 7,2, Diff: 7,2, Sum: 7,2]
      [Object Copy (ms): Min: 0,0, Avg: 2,7, Max: 6,6, Diff: 6,6, Sum: 21,3]
      [Termination (ms): Min: 0,0, Avg: 2,0, Max: 3,6, Diff: 3,6, Sum: 16,3]
         [Termination Attempts: Min: 1, Avg: 1,4, Max: 4, Diff: 3, Sum: 11]
      [GC Worker Other (ms): Min: 0,0, Avg: 0,0, Max: 0,0, Diff: 0,0, Sum: 0,0]
      [GC Worker Total (ms): Min: 1,8, Avg: 6,5, Max: 8,7, Diff: 6,9, Sum: 51,8]
      [GC Worker End (ms): Min: 68348,5, Avg: 68348,6, Max: 68348,8, Diff: 0,2]
   [Code Root Fixup: 0,0 ms]
   [Code Root Purge: 0,0 ms]
   [Clear CT: 0,1 ms]
   [Other: 5,9 ms]
      [Choose CSet: 0,0 ms]
      [Ref Proc: 5,3 ms]
      [Ref Enq: 0,0 ms]
      [Redirty Cards: 0,2 ms]
      [Humongous Register: 0,1 ms]
      [Humongous Reclaim: 0,1 ms]
      [Free CSet: 0,1 ms]
   [Eden: 49152,0K(49152,0K)->0,0B(48128,0K) Survivors: 3072,0K->4096,0K Heap: 184,0M(1024,0M)->136,6M(1024,0M)]
 [Times: user=0,05 sys=0,00, real=0,02 secs] 
2020-09-08T17:17:16.693+0200: 68,510: [GC pause (G1 Evacuation Pause) (young), 0,0806325 secs]
   [Parallel Time: 26,3 ms, GC Workers: 8]
      [GC Worker Start (ms): Min: 68510,2, Avg: 68513,7, Max: 68519,2, Diff: 9,0]
      [Ext Root Scanning (ms): Min: 0,0, Avg: 1,7, Max: 9,8, Diff: 9,8, Sum: 13,4]
      [Update RS (ms): Min: 0,0, Avg: 0,2, Max: 0,7, Diff: 0,7, Sum: 1,5]
         [Processed Buffers: Min: 0, Avg: 1,5, Max: 8, Diff: 8, Sum: 12]
      [Scan RS (ms): Min: 0,0, Avg: 0,0, Max: 0,0, Diff: 0,0, Sum: 0,1]
      [Code Root Scanning (ms): Min: 0,0, Avg: 0,9, Max: 6,6, Diff: 6,6, Sum: 7,0]
      [Object Copy (ms): Min: 0,0, Avg: 4,4, Max: 22,9, Diff: 22,9, Sum: 35,2]
      [Termination (ms): Min: 0,0, Avg: 14,7, Max: 17,9, Diff: 17,9, Sum: 117,8]
         [Termination Attempts: Min: 1, Avg: 1,0, Max: 1, Diff: 0, Sum: 8]
      [GC Worker Other (ms): Min: 0,0, Avg: 0,0, Max: 0,0, Diff: 0,0, Sum: 0,1]
      [GC Worker Total (ms): Min: 16,3, Avg: 21,9, Max: 26,2, Diff: 9,9, Sum: 175,0]
      [GC Worker End (ms): Min: 68535,2, Avg: 68535,6, Max: 68536,4, Diff: 1,2]
   [Code Root Fixup: 0,0 ms]
   [Code Root Purge: 0,0 ms]
   [Clear CT: 12,1 ms]
   [Other: 42,2 ms]
      [Choose CSet: 0,0 ms]
      [Ref Proc: 25,8 ms]
      [Ref Enq: 0,0 ms]
      [Redirty Cards: 16,1 ms]
      [Humongous Register: 0,1 ms]
      [Humongous Reclaim: 0,0 ms]
      [Free CSet: 0,1 ms]
   [Eden: 48128,0K(48128,0K)->0,0B(48128,0K) Survivors: 4096,0K->4096,0K Heap: 183,6M(1024,0M)->136,9M(1024,0M)]
 [Times: user=0,09 sys=0,00, real=0,09 secs] 
2020-09-08T17:17:16.892+0200: 68,710: [GC pause (G1 Evacuation Pause) (young), 0,0265987 secs]
   [Parallel Time: 21,0 ms, GC Workers: 8]
      [GC Worker Start (ms): Min: 68709,7, Avg: 68719,8, Max: 68725,4, Diff: 15,7]
      [Ext Root Scanning (ms): Min: 0,0, Avg: 0,2, Max: 1,8, Diff: 1,8, Sum: 1,9]
      [Update RS (ms): Min: 0,0, Avg: 0,2, Max: 1,6, Diff: 1,6, Sum: 1,6]
         [Processed Buffers: Min: 0, Avg: 1,1, Max: 9, Diff: 9, Sum: 9]
      [Scan RS (ms): Min: 0,0, Avg: 0,0, Max: 0,0, Diff: 0,0, Sum: 0,1]
      [Code Root Scanning (ms): Min: 0,0, Avg: 1,8, Max: 14,8, Diff: 14,8, Sum: 14,8]
      [Object Copy (ms): Min: 0,0, Avg: 2,8, Max: 12,1, Diff: 12,1, Sum: 22,6]
      [Termination (ms): Min: 0,0, Avg: 3,6, Max: 7,1, Diff: 7,1, Sum: 29,1]
         [Termination Attempts: Min: 1, Avg: 2,9, Max: 7, Diff: 6, Sum: 23]
      [GC Worker Other (ms): Min: 0,0, Avg: 0,0, Max: 0,0, Diff: 0,0, Sum: 0,1]
      [GC Worker Total (ms): Min: 2,9, Avg: 8,8, Max: 18,5, Diff: 15,6, Sum: 70,1]
      [GC Worker End (ms): Min: 68728,2, Avg: 68728,6, Max: 68730,6, Diff: 2,4]
   [Code Root Fixup: 0,0 ms]
   [Code Root Purge: 0,0 ms]
   [Clear CT: 0,2 ms]
   [Other: 5,4 ms]
      [Choose CSet: 0,0 ms]
      [Ref Proc: 4,9 ms]
      [Ref Enq: 0,0 ms]
      [Redirty Cards: 0,2 ms]
      [Humongous Register: 0,1 ms]
      [Humongous Reclaim: 0,0 ms]
      [Free CSet: 0,1 ms]
   [Eden: 48128,0K(48128,0K)->0,0B(48128,0K) Survivors: 4096,0K->4096,0K Heap: 183,9M(1024,0M)->136,6M(1024,0M)]
 [Times: user=0,04 sys=0,00, real=0,03 secs] 
2020-09-08T17:17:17.050+0200: 68,867: [GC pause (G1 Evacuation Pause) (young), 0,0198169 secs]
   [Parallel Time: 7,9 ms, GC Workers: 8]
      [GC Worker Start (ms): Min: 68867,2, Avg: 68871,7, Max: 68874,7, Diff: 7,5]
      [Ext Root Scanning (ms): Min: 0,0, Avg: 0,3, Max: 0,9, Diff: 0,9, Sum: 2,7]
      [Update RS (ms): Min: 0,0, Avg: 0,2, Max: 0,7, Diff: 0,7, Sum: 1,8]
         [Processed Buffers: Min: 0, Avg: 1,4, Max: 7, Diff: 7, Sum: 11]
      [Scan RS (ms): Min: 0,0, Avg: 0,0, Max: 0,0, Diff: 0,0, Sum: 0,1]
      [Code Root Scanning (ms): Min: 0,0, Avg: 0,1, Max: 0,9, Diff: 0,9, Sum: 0,9]
      [Object Copy (ms): Min: 0,0, Avg: 1,4, Max: 4,0, Diff: 4,0, Sum: 11,3]
      [Termination (ms): Min: 0,0, Avg: 1,0, Max: 2,3, Diff: 2,3, Sum: 7,8]
         [Termination Attempts: Min: 1, Avg: 1,4, Max: 3, Diff: 2, Sum: 11]
      [GC Worker Other (ms): Min: 0,0, Avg: 0,0, Max: 0,0, Diff: 0,0, Sum: 0,0]
      [GC Worker Total (ms): Min: 0,0, Avg: 3,1, Max: 7,8, Diff: 7,8, Sum: 24,5]
      [GC Worker End (ms): Min: 68874,7, Avg: 68874,8, Max: 68875,0, Diff: 0,3]
   [Code Root Fixup: 0,0 ms]
   [Code Root Purge: 0,0 ms]
   [Clear CT: 0,2 ms]
   [Other: 11,7 ms]
      [Choose CSet: 0,0 ms]
      [Ref Proc: 11,2 ms]
      [Ref Enq: 0,0 ms]
      [Redirty Cards: 0,2 ms]
      [Humongous Register: 0,1 ms]
      [Humongous Reclaim: 0,0 ms]
      [Free CSet: 0,0 ms]
   [Eden: 48128,0K(48128,0K)->0,0B(48128,0K) Survivors: 4096,0K->4096,0K Heap: 183,6M(1024,0M)->136,7M(1024,0M)]
 [Times: user=0,04 sys=0,01, real=0,02 secs] 
2020-09-08T17:17:17.170+0200: 68,987: [GC pause (G1 Evacuation Pause) (young), 0,0246265 secs]
   [Parallel Time: 14,8 ms, GC Workers: 8]
      [GC Worker Start (ms): Min: 68987,2, Avg: 68990,8, Max: 68996,0, Diff: 8,8]
      [Ext Root Scanning (ms): Min: 0,0, Avg: 0,3, Max: 1,0, Diff: 1,0, Sum: 2,0]
      [Update RS (ms): Min: 0,0, Avg: 0,2, Max: 0,7, Diff: 0,7, Sum: 1,4]
         [Processed Buffers: Min: 0, Avg: 1,9, Max: 13, Diff: 13, Sum: 15]
      [Scan RS (ms): Min: 0,0, Avg: 0,0, Max: 0,0, Diff: 0,0, Sum: 0,1]
      [Code Root Scanning (ms): Min: 0,0, Avg: 0,1, Max: 0,7, Diff: 0,7, Sum: 0,7]
      [Object Copy (ms): Min: 0,0, Avg: 3,9, Max: 9,0, Diff: 9,0, Sum: 31,4]
      [Termination (ms): Min: 0,0, Avg: 4,0, Max: 6,7, Diff: 6,7, Sum: 31,8]
         [Termination Attempts: Min: 1, Avg: 1,0, Max: 1, Diff: 0, Sum: 8]
      [GC Worker Other (ms): Min: 0,0, Avg: 0,0, Max: 0,0, Diff: 0,0, Sum: 0,1]
      [GC Worker Total (ms): Min: 2,8, Avg: 8,4, Max: 14,6, Diff: 11,8, Sum: 67,4]
      [GC Worker End (ms): Min: 68998,5, Avg: 68999,2, Max: 69001,8, Diff: 3,3]
   [Code Root Fixup: 0,0 ms]
   [Code Root Purge: 0,0 ms]
   [Clear CT: 0,2 ms]
   [Other: 9,7 ms]
      [Choose CSet: 0,0 ms]
      [Ref Proc: 8,9 ms]
      [Ref Enq: 0,0 ms]
      [Redirty Cards: 0,4 ms]
      [Humongous Register: 0,1 ms]
      [Humongous Reclaim: 0,0 ms]
      [Free CSet: 0,0 ms]
   [Eden: 48128,0K(48128,0K)->0,0B(47104,0K) Survivors: 4096,0K->5120,0K Heap: 183,7M(1024,0M)->137,4M(1024,0M)]
 [Times: user=0,06 sys=0,00, real=0,03 secs] 
2020-09-08T17:17:17.274+0200: 69,091: [GC pause (G1 Evacuation Pause) (young), 0,0204071 secs]
   [Parallel Time: 14,3 ms, GC Workers: 8]
      [GC Worker Start (ms): Min: 69091,7, Avg: 69096,3, Max: 69100,7, Diff: 9,0]
      [Ext Root Scanning (ms): Min: 0,0, Avg: 0,4, Max: 1,5, Diff: 1,5, Sum: 2,9]
      [Update RS (ms): Min: 0,0, Avg: 0,2, Max: 0,9, Diff: 0,9, Sum: 1,6]
         [Processed Buffers: Min: 0, Avg: 1,5, Max: 9, Diff: 9, Sum: 12]
      [Scan RS (ms): Min: 0,0, Avg: 0,0, Max: 0,0, Diff: 0,0, Sum: 0,1]
      [Code Root Scanning (ms): Min: 0,0, Avg: 1,4, Max: 11,5, Diff: 11,5, Sum: 11,5]
      [Object Copy (ms): Min: 0,0, Avg: 2,9, Max: 8,2, Diff: 8,2, Sum: 23,4]
      [Termination (ms): Min: 0,0, Avg: 4,4, Max: 6,0, Diff: 6,0, Sum: 35,2]
         [Termination Attempts: Min: 1, Avg: 2,6, Max: 6, Diff: 5, Sum: 21]
      [GC Worker Other (ms): Min: 0,0, Avg: 0,0, Max: 0,0, Diff: 0,0, Sum: 0,1]
      [GC Worker Total (ms): Min: 5,0, Avg: 9,3, Max: 14,0, Diff: 9,0, Sum: 74,8]
      [GC Worker End (ms): Min: 69105,6, Avg: 69105,7, Max: 69105,8, Diff: 0,3]
   [Code Root Fixup: 0,0 ms]
   [Code Root Purge: 0,0 ms]
   [Clear CT: 0,1 ms]
   [Other: 5,9 ms]
      [Choose CSet: 0,0 ms]
      [Ref Proc: 5,3 ms]
      [Ref Enq: 0,0 ms]
      [Redirty Cards: 0,1 ms]
      [Humongous Register: 0,1 ms]
      [Humongous Reclaim: 0,1 ms]
      [Free CSet: 0,1 ms]
   [Eden: 47104,0K(47104,0K)->0,0B(48128,0K) Survivors: 5120,0K->4096,0K Heap: 183,4M(1024,0M)->136,7M(1024,0M)]
 [Times: user=0,07 sys=0,00, real=0,02 secs] 
2020-09-08T17:17:17.406+0200: 69,224: [GC pause (G1 Evacuation Pause) (young), 0,0147065 secs]
   [Parallel Time: 10,1 ms, GC Workers: 8]
      [GC Worker Start (ms): Min: 69223,9, Avg: 69228,5, Max: 69232,6, Diff: 8,7]
      [Ext Root Scanning (ms): Min: 0,0, Avg: 0,3, Max: 0,8, Diff: 0,8, Sum: 2,2]
      [Update RS (ms): Min: 0,0, Avg: 0,2, Max: 0,6, Diff: 0,6, Sum: 1,6]
         [Processed Buffers: Min: 0, Avg: 1,1, Max: 6, Diff: 6, Sum: 9]
      [Scan RS (ms): Min: 0,0, Avg: 0,0, Max: 0,0, Diff: 0,0, Sum: 0,1]
      [Code Root Scanning (ms): Min: 0,0, Avg: 0,1, Max: 0,7, Diff: 0,7, Sum: 0,7]
      [Object Copy (ms): Min: 0,0, Avg: 1,6, Max: 4,7, Diff: 4,7, Sum: 13,0]
      [Termination (ms): Min: 0,0, Avg: 2,2, Max: 4,0, Diff: 4,0, Sum: 17,5]
         [Termination Attempts: Min: 1, Avg: 1,4, Max: 4, Diff: 3, Sum: 11]
      [GC Worker Other (ms): Min: 0,0, Avg: 0,0, Max: 0,0, Diff: 0,0, Sum: 0,0]
      [GC Worker Total (ms): Min: 0,0, Avg: 4,4, Max: 9,8, Diff: 9,8, Sum: 35,1]
      [GC Worker End (ms): Min: 69232,6, Avg: 69232,9, Max: 69233,8, Diff: 1,2]
   [Code Root Fixup: 0,0 ms]
   [Code Root Purge: 0,0 ms]
   [Clear CT: 0,1 ms]
   [Other: 4,5 ms]
      [Choose CSet: 0,0 ms]
      [Ref Proc: 3,9 ms]
      [Ref Enq: 0,0 ms]
      [Redirty Cards: 0,3 ms]
      [Humongous Register: 0,1 ms]
      [Humongous Reclaim: 0,0 ms]
      [Free CSet: 0,1 ms]
   [Eden: 48128,0K(48128,0K)->0,0B(48128,0K) Survivors: 4096,0K->4096,0K Heap: 183,7M(1024,0M)->137,3M(1024,0M)]
 [Times: user=0,04 sys=0,00, real=0,01 secs] 
2020-09-08T17:17:17.522+0200: 69,339: [GC pause (G1 Evacuation Pause) (young), 0,0529939 secs]
   [Parallel Time: 45,7 ms, GC Workers: 8]
      [GC Worker Start (ms): Min: 69339,2, Avg: 69345,7, Max: 69349,9, Diff: 10,7]
      [Ext Root Scanning (ms): Min: 0,0, Avg: 0,2, Max: 1,0, Diff: 1,0, Sum: 1,9]
      [Update RS (ms): Min: 0,0, Avg: 0,4, Max: 1,5, Diff: 1,5, Sum: 3,0]
         [Processed Buffers: Min: 0, Avg: 1,6, Max: 9, Diff: 9, Sum: 13]
      [Scan RS (ms): Min: 0,0, Avg: 0,0, Max: 0,0, Diff: 0,0, Sum: 0,1]
      [Code Root Scanning (ms): Min: 0,0, Avg: 0,1, Max: 0,4, Diff: 0,4, Sum: 0,8]
      [Object Copy (ms): Min: 0,0, Avg: 7,2, Max: 41,8, Diff: 41,8, Sum: 57,8]
      [Termination (ms): Min: 0,0, Avg: 30,4, Max: 36,2, Diff: 36,2, Sum: 243,0]
         [Termination Attempts: Min: 1, Avg: 3,1, Max: 8, Diff: 7, Sum: 25]
      [GC Worker Other (ms): Min: 0,0, Avg: 0,0, Max: 0,0, Diff: 0,0, Sum: 0,1]
      [GC Worker Total (ms): Min: 34,0, Avg: 38,3, Max: 45,6, Diff: 11,6, Sum: 306,5]
      [GC Worker End (ms): Min: 69383,8, Avg: 69384,0, Max: 69384,8, Diff: 1,0]
   [Code Root Fixup: 0,0 ms]
   [Code Root Purge: 0,0 ms]
   [Clear CT: 0,2 ms]
   [Other: 7,1 ms]
      [Choose CSet: 0,0 ms]
      [Ref Proc: 6,5 ms]
      [Ref Enq: 0,0 ms]
      [Redirty Cards: 0,1 ms]
      [Humongous Register: 0,1 ms]
      [Humongous Reclaim: 0,1 ms]
      [Free CSet: 0,1 ms]
   [Eden: 48128,0K(48128,0K)->0,0B(48128,0K) Survivors: 4096,0K->4096,0K Heap: 184,3M(1024,0M)->137,4M(1024,0M)]
 [Times: user=0,11 sys=0,00, real=0,06 secs] 
2020-09-08T17:17:17.674+0200: 69,491: [GC pause (G1 Evacuation Pause) (young), 0,0442332 secs]
   [Parallel Time: 28,4 ms, GC Workers: 8]
      [GC Worker Start (ms): Min: 69491,3, Avg: 69497,8, Max: 69502,7, Diff: 11,5]
      [Ext Root Scanning (ms): Min: 0,0, Avg: 1,1, Max: 6,9, Diff: 6,9, Sum: 8,7]
      [Update RS (ms): Min: 0,0, Avg: 0,4, Max: 1,7, Diff: 1,7, Sum: 3,2]
         [Processed Buffers: Min: 0, Avg: 2,4, Max: 14, Diff: 14, Sum: 19]
      [Scan RS (ms): Min: 0,0, Avg: 0,0, Max: 0,0, Diff: 0,0, Sum: 0,1]
      [Code Root Scanning (ms): Min: 0,0, Avg: 0,1, Max: 0,4, Diff: 0,4, Sum: 0,4]
      [Object Copy (ms): Min: 0,0, Avg: 3,8, Max: 24,8, Diff: 24,7, Sum: 30,7]
      [Termination (ms): Min: 0,0, Avg: 16,3, Max: 20,2, Diff: 20,2, Sum: 130,2]
         [Termination Attempts: Min: 1, Avg: 2,1, Max: 6, Diff: 5, Sum: 17]
      [GC Worker Other (ms): Min: 0,0, Avg: 0,0, Max: 0,0, Diff: 0,0, Sum: 0,1]
      [GC Worker Total (ms): Min: 16,6, Avg: 21,7, Max: 28,1, Diff: 11,5, Sum: 173,4]
      [GC Worker End (ms): Min: 69519,4, Avg: 69519,4, Max: 69519,6, Diff: 0,2]
   [Code Root Fixup: 0,0 ms]
   [Code Root Purge: 0,0 ms]
   [Clear CT: 0,6 ms]
   [Other: 15,2 ms]
      [Choose CSet: 0,0 ms]
      [Ref Proc: 14,6 ms]
      [Ref Enq: 0,0 ms]
      [Redirty Cards: 0,1 ms]
      [Humongous Register: 0,1 ms]
      [Humongous Reclaim: 0,0 ms]
      [Free CSet: 0,1 ms]
   [Eden: 48128,0K(48128,0K)->0,0B(50176,0K) Survivors: 4096,0K->2048,0K Heap: 184,4M(1024,0M)->136,5M(1024,0M)]
 [Times: user=0,09 sys=0,01, real=0,04 secs] 
2020-09-08T17:17:17.821+0200: 69,638: [GC pause (G1 Evacuation Pause) (young), 0,0303554 secs]
   [Parallel Time: 13,6 ms, GC Workers: 8]
      [GC Worker Start (ms): Min: 69638,3, Avg: 69642,7, Max: 69647,0, Diff: 8,8]
      [Ext Root Scanning (ms): Min: 0,0, Avg: 1,4, Max: 9,7, Diff: 9,7, Sum: 11,1]
      [Update RS (ms): Min: 0,0, Avg: 1,8, Max: 11,8, Diff: 11,8, Sum: 14,0]
         [Processed Buffers: Min: 0, Avg: 1,9, Max: 9, Diff: 9, Sum: 15]
      [Scan RS (ms): Min: 0,0, Avg: 0,0, Max: 0,0, Diff: 0,0, Sum: 0,1]
      [Code Root Scanning (ms): Min: 0,0, Avg: 0,0, Max: 0,4, Diff: 0,4, Sum: 0,4]
      [Object Copy (ms): Min: 0,0, Avg: 0,9, Max: 3,7, Diff: 3,7, Sum: 7,4]
      [Termination (ms): Min: 0,0, Avg: 4,8, Max: 6,8, Diff: 6,8, Sum: 38,3]
         [Termination Attempts: Min: 1, Avg: 1,2, Max: 2, Diff: 1, Sum: 10]
      [GC Worker Other (ms): Min: 0,0, Avg: 0,0, Max: 0,0, Diff: 0,0, Sum: 0,1]
      [GC Worker Total (ms): Min: 4,5, Avg: 8,9, Max: 13,3, Diff: 8,8, Sum: 71,4]
      [GC Worker End (ms): Min: 69651,6, Avg: 69651,6, Max: 69651,8, Diff: 0,3]
   [Code Root Fixup: 0,0 ms]
   [Code Root Purge: 0,0 ms]
   [Clear CT: 1,5 ms]
   [Other: 15,2 ms]
      [Choose CSet: 0,0 ms]
      [Ref Proc: 12,7 ms]
      [Ref Enq: 0,0 ms]
      [Redirty Cards: 2,2 ms]
      [Humongous Register: 0,1 ms]
      [Humongous Reclaim: 0,0 ms]
      [Free CSet: 0,1 ms]
   [Eden: 50176,0K(50176,0K)->0,0B(49152,0K) Survivors: 2048,0K->3072,0K Heap: 185,5M(1024,0M)->137,7M(1024,0M)]
 [Times: user=0,05 sys=0,00, real=0,03 secs] 
2020-09-08T17:17:17.925+0200: 69,742: [GC pause (G1 Evacuation Pause) (young), 0,0293708 secs]
   [Parallel Time: 13,2 ms, GC Workers: 8]
      [GC Worker Start (ms): Min: 69742,3, Avg: 69748,3, Max: 69752,2, Diff: 9,9]
      [Ext Root Scanning (ms): Min: 0,0, Avg: 0,2, Max: 1,0, Diff: 1,0, Sum: 2,0]
      [Update RS (ms): Min: 0,0, Avg: 0,2, Max: 1,1, Diff: 1,1, Sum: 1,9]
         [Processed Buffers: Min: 0, Avg: 2,4, Max: 16, Diff: 16, Sum: 19]
      [Scan RS (ms): Min: 0,0, Avg: 0,0, Max: 0,0, Diff: 0,0, Sum: 0,1]
      [Code Root Scanning (ms): Min: 0,0, Avg: 0,0, Max: 0,4, Diff: 0,4, Sum: 0,4]
      [Object Copy (ms): Min: 0,0, Avg: 0,9, Max: 3,9, Diff: 3,9, Sum: 7,6]
      [Termination (ms): Min: 0,0, Avg: 3,4, Max: 7,2, Diff: 7,2, Sum: 26,9]
         [Termination Attempts: Min: 1, Avg: 1,1, Max: 2, Diff: 1, Sum: 9]
      [GC Worker Other (ms): Min: 0,0, Avg: 0,0, Max: 0,0, Diff: 0,0, Sum: 0,1]
      [GC Worker Total (ms): Min: 0,0, Avg: 4,9, Max: 13,1, Diff: 13,1, Sum: 38,9]
      [GC Worker End (ms): Min: 69752,3, Avg: 69753,2, Max: 69755,5, Diff: 3,2]
   [Code Root Fixup: 0,0 ms]
   [Code Root Purge: 0,0 ms]
   [Clear CT: 0,1 ms]
   [Other: 16,0 ms]
      [Choose CSet: 0,0 ms]
      [Ref Proc: 15,6 ms]
      [Ref Enq: 0,0 ms]
      [Redirty Cards: 0,1 ms]
      [Humongous Register: 0,1 ms]
      [Humongous Reclaim: 0,0 ms]
      [Free CSet: 0,0 ms]
   [Eden: 49152,0K(49152,0K)->0,0B(50176,0K) Survivors: 3072,0K->2048,0K Heap: 185,7M(1024,0M)->136,8M(1024,0M)]
 [Times: user=0,08 sys=0,00, real=0,03 secs] 
2020-09-08T17:17:18.070+0200: 69,887: [GC pause (G1 Evacuation Pause) (young), 0,0138538 secs]
   [Parallel Time: 8,8 ms, GC Workers: 8]
      [GC Worker Start (ms): Min: 69887,6, Avg: 69890,4, Max: 69894,6, Diff: 7,0]
      [Ext Root Scanning (ms): Min: 0,0, Avg: 1,0, Max: 7,0, Diff: 7,0, Sum: 8,4]
      [Update RS (ms): Min: 0,0, Avg: 1,1, Max: 7,3, Diff: 7,3, Sum: 8,7]
         [Processed Buffers: Min: 0, Avg: 2,2, Max: 8, Diff: 8, Sum: 18]
      [Scan RS (ms): Min: 0,0, Avg: 0,0, Max: 0,0, Diff: 0,0, Sum: 0,1]
      [Code Root Scanning (ms): Min: 0,0, Avg: 0,0, Max: 0,2, Diff: 0,2, Sum: 0,3]
      [Object Copy (ms): Min: 0,0, Avg: 1,5, Max: 3,2, Diff: 3,2, Sum: 11,8]
      [Termination (ms): Min: 0,0, Avg: 2,2, Max: 3,4, Diff: 3,4, Sum: 17,3]
         [Termination Attempts: Min: 1, Avg: 1,9, Max: 5, Diff: 4, Sum: 15]
      [GC Worker Other (ms): Min: 0,0, Avg: 0,0, Max: 0,0, Diff: 0,0, Sum: 0,0]
      [GC Worker Total (ms): Min: 1,7, Avg: 5,8, Max: 8,7, Diff: 7,0, Sum: 46,5]
      [GC Worker End (ms): Min: 69896,2, Avg: 69896,2, Max: 69896,2, Diff: 0,0]
   [Code Root Fixup: 0,0 ms]
   [Code Root Purge: 0,0 ms]
   [Clear CT: 0,1 ms]
   [Other: 4,9 ms]
      [Choose CSet: 0,0 ms]
      [Ref Proc: 4,5 ms]
      [Ref Enq: 0,0 ms]
      [Redirty Cards: 0,1 ms]
      [Humongous Register: 0,1 ms]
      [Humongous Reclaim: 0,0 ms]
      [Free CSet: 0,0 ms]
   [Eden: 50176,0K(50176,0K)->0,0B(49152,0K) Survivors: 2048,0K->3072,0K Heap: 185,8M(1024,0M)->138,3M(1024,0M)]
 [Times: user=0,05 sys=0,00, real=0,01 secs] 
2020-09-08T17:17:18.205+0200: 70,022: [GC pause (G1 Evacuation Pause) (young), 0,0273974 secs]
   [Parallel Time: 20,7 ms, GC Workers: 8]
      [GC Worker Start (ms): Min: 70022,0, Avg: 70028,0, Max: 70032,5, Diff: 10,5]
      [Ext Root Scanning (ms): Min: 0,0, Avg: 0,2, Max: 1,7, Diff: 1,7, Sum: 1,8]
      [Update RS (ms): Min: 0,0, Avg: 0,2, Max: 1,5, Diff: 1,5, Sum: 1,6]
         [Processed Buffers: Min: 0, Avg: 2,5, Max: 20, Diff: 20, Sum: 20]
      [Scan RS (ms): Min: 0,0, Avg: 0,0, Max: 0,0, Diff: 0,0, Sum: 0,1]
      [Code Root Scanning (ms): Min: 0,0, Avg: 0,0, Max: 0,2, Diff: 0,2, Sum: 0,2]
      [Object Copy (ms): Min: 0,0, Avg: 3,4, Max: 10,7, Diff: 10,7, Sum: 26,9]
      [Termination (ms): Min: 0,0, Avg: 5,2, Max: 7,3, Diff: 7,3, Sum: 41,8]
         [Termination Attempts: Min: 1, Avg: 1,9, Max: 3, Diff: 2, Sum: 15]
      [GC Worker Other (ms): Min: 0,0, Avg: 0,0, Max: 0,0, Diff: 0,0, Sum: 0,1]
      [GC Worker Total (ms): Min: 4,6, Avg: 9,0, Max: 14,9, Diff: 10,3, Sum: 72,4]
      [GC Worker End (ms): Min: 70036,9, Avg: 70037,1, Max: 70037,3, Diff: 0,4]
   [Code Root Fixup: 0,0 ms]
   [Code Root Purge: 0,0 ms]
   [Clear CT: 0,2 ms]
   [Other: 6,5 ms]
      [Choose CSet: 0,0 ms]
      [Ref Proc: 5,9 ms]
      [Ref Enq: 0,0 ms]
      [Redirty Cards: 0,1 ms]
      [Humongous Register: 0,1 ms]
      [Humongous Reclaim: 0,1 ms]
      [Free CSet: 0,1 ms]
   [Eden: 49152,0K(49152,0K)->0,0B(50176,0K) Survivors: 3072,0K->2048,0K Heap: 186,3M(1024,0M)->137,4M(1024,0M)]
 [Times: user=0,09 sys=0,00, real=0,03 secs] 
2020-09-08T17:17:18.333+0200: 70,150: [GC pause (G1 Evacuation Pause) (young), 0,0161330 secs]
   [Parallel Time: 11,3 ms, GC Workers: 8]
      [GC Worker Start (ms): Min: 70150,3, Avg: 70152,0, Max: 70154,7, Diff: 4,4]
      [Ext Root Scanning (ms): Min: 0,0, Avg: 0,9, Max: 5,4, Diff: 5,4, Sum: 7,4]
      [Update RS (ms): Min: 0,0, Avg: 0,3, Max: 0,7, Diff: 0,7, Sum: 2,3]
         [Processed Buffers: Min: 0, Avg: 2,4, Max: 14, Diff: 14, Sum: 19]
      [Scan RS (ms): Min: 0,0, Avg: 0,0, Max: 0,0, Diff: 0,0, Sum: 0,1]
      [Code Root Scanning (ms): Min: 0,0, Avg: 0,0, Max: 0,2, Diff: 0,2, Sum: 0,2]
      [Object Copy (ms): Min: 0,0, Avg: 0,9, Max: 2,0, Diff: 2,0, Sum: 7,4]
      [Termination (ms): Min: 0,0, Avg: 3,4, Max: 8,0, Diff: 8,0, Sum: 27,2]
         [Termination Attempts: Min: 1, Avg: 1,1, Max: 2, Diff: 1, Sum: 9]
      [GC Worker Other (ms): Min: 0,0, Avg: 0,0, Max: 0,0, Diff: 0,0, Sum: 0,1]
      [GC Worker Total (ms): Min: 1,2, Avg: 5,6, Max: 11,0, Diff: 9,8, Sum: 44,7]
      [GC Worker End (ms): Min: 70155,7, Avg: 70157,6, Max: 70161,6, Diff: 5,9]
   [Code Root Fixup: 0,0 ms]
   [Code Root Purge: 0,0 ms]
   [Clear CT: 0,1 ms]
   [Other: 4,6 ms]
      [Choose CSet: 0,0 ms]
      [Ref Proc: 4,0 ms]
      [Ref Enq: 0,0 ms]
      [Redirty Cards: 0,1 ms]
      [Humongous Register: 0,1 ms]
      [Humongous Reclaim: 0,1 ms]
      [Free CSet: 0,1 ms]
   [Eden: 50176,0K(50176,0K)->0,0B(50176,0K) Survivors: 2048,0K->2048,0K Heap: 186,4M(1024,0M)->137,4M(1024,0M)]
 [Times: user=0,05 sys=0,00, real=0,01 secs] 
2020-09-08T17:17:18.436+0200: 70,253: [GC pause (G1 Evacuation Pause) (young), 0,0104995 secs]
   [Parallel Time: 6,0 ms, GC Workers: 8]
      [GC Worker Start (ms): Min: 70253,4, Avg: 70255,0, Max: 70258,0, Diff: 4,6]
      [Ext Root Scanning (ms): Min: 0,0, Avg: 1,0, Max: 5,6, Diff: 5,6, Sum: 7,9]
      [Update RS (ms): Min: 0,0, Avg: 0,3, Max: 0,7, Diff: 0,7, Sum: 2,8]
         [Processed Buffers: Min: 0, Avg: 2,0, Max: 7, Diff: 7, Sum: 16]
      [Scan RS (ms): Min: 0,0, Avg: 0,0, Max: 0,0, Diff: 0,0, Sum: 0,1]
      [Code Root Scanning (ms): Min: 0,0, Avg: 0,0, Max: 0,2, Diff: 0,2, Sum: 0,2]
      [Object Copy (ms): Min: 0,0, Avg: 1,0, Max: 2,0, Diff: 2,0, Sum: 7,6]
      [Termination (ms): Min: 0,0, Avg: 1,8, Max: 2,6, Diff: 2,6, Sum: 14,5]
         [Termination Attempts: Min: 1, Avg: 1,0, Max: 1, Diff: 0, Sum: 8]
      [GC Worker Other (ms): Min: 0,0, Avg: 0,0, Max: 0,0, Diff: 0,0, Sum: 0,1]
      [GC Worker Total (ms): Min: 1,3, Avg: 4,1, Max: 5,8, Diff: 4,5, Sum: 33,1]
      [GC Worker End (ms): Min: 70259,0, Avg: 70259,1, Max: 70259,3, Diff: 0,2]
   [Code Root Fixup: 0,0 ms]
   [Code Root Purge: 0,0 ms]
   [Clear CT: 0,1 ms]
   [Other: 4,3 ms]
      [Choose CSet: 0,0 ms]
      [Ref Proc: 3,8 ms]
      [Ref Enq: 0,0 ms]
      [Redirty Cards: 0,1 ms]
      [Humongous Register: 0,1 ms]
      [Humongous Reclaim: 0,0 ms]
      [Free CSet: 0,0 ms]
   [Eden: 50176,0K(50176,0K)->0,0B(251,0M) Survivors: 2048,0K->2048,0K Heap: 186,4M(1024,0M)->137,6M(1024,0M)]
 [Times: user=0,04 sys=0,00, real=0,01 secs] 
2020-09-08T17:17:19.057+0200: 70,874: [GC pause (G1 Evacuation Pause) (young), 0,0153089 secs]
   [Parallel Time: 8,4 ms, GC Workers: 8]
      [GC Worker Start (ms): Min: 70874,5, Avg: 70878,4, Max: 70882,6, Diff: 8,0]
      [Ext Root Scanning (ms): Min: 0,0, Avg: 0,7, Max: 3,9, Diff: 3,9, Sum: 5,3]
      [Update RS (ms): Min: 0,0, Avg: 0,4, Max: 1,5, Diff: 1,5, Sum: 3,5]
         [Processed Buffers: Min: 0, Avg: 3,2, Max: 19, Diff: 19, Sum: 26]
      [Scan RS (ms): Min: 0,0, Avg: 0,0, Max: 0,1, Diff: 0,1, Sum: 0,3]
      [Code Root Scanning (ms): Min: 0,0, Avg: 0,0, Max: 0,2, Diff: 0,2, Sum: 0,3]
      [Object Copy (ms): Min: 0,0, Avg: 1,8, Max: 4,3, Diff: 4,3, Sum: 14,2]
      [Termination (ms): Min: 0,0, Avg: 1,3, Max: 2,1, Diff: 2,1, Sum: 10,7]
         [Termination Attempts: Min: 1, Avg: 1,0, Max: 1, Diff: 0, Sum: 8]
      [GC Worker Other (ms): Min: 0,0, Avg: 0,0, Max: 0,0, Diff: 0,0, Sum: 0,1]
      [GC Worker Total (ms): Min: 0,0, Avg: 4,3, Max: 8,3, Diff: 8,2, Sum: 34,4]
      [GC Worker End (ms): Min: 70882,6, Avg: 70882,7, Max: 70882,8, Diff: 0,2]
   [Code Root Fixup: 0,0 ms]
   [Code Root Purge: 0,0 ms]
   [Clear CT: 0,3 ms]
   [Other: 6,6 ms]
      [Choose CSet: 0,0 ms]
      [Ref Proc: 5,8 ms]
      [Ref Enq: 0,0 ms]
      [Redirty Cards: 0,2 ms]
      [Humongous Register: 0,1 ms]
      [Humongous Reclaim: 0,0 ms]
      [Free CSet: 0,2 ms]
   [Eden: 251,0M(251,0M)->0,0B(612,0M) Survivors: 2048,0K->2048,0K Heap: 388,6M(1024,0M)->137,7M(1024,0M)]
 [Times: user=0,04 sys=0,01, real=0,01 secs] 
2020-09-08T17:17:20.271+0200: 72,088: [GC pause (G1 Evacuation Pause) (young), 0,0224203 secs]
   [Parallel Time: 17,6 ms, GC Workers: 8]
      [GC Worker Start (ms): Min: 72088,6, Avg: 72093,0, Max: 72097,3, Diff: 8,7]
      [Ext Root Scanning (ms): Min: 0,0, Avg: 0,3, Max: 0,8, Diff: 0,8, Sum: 2,0]
      [Update RS (ms): Min: 0,0, Avg: 0,4, Max: 1,2, Diff: 1,2, Sum: 3,1]
         [Processed Buffers: Min: 0, Avg: 3,2, Max: 14, Diff: 14, Sum: 26]
      [Scan RS (ms): Min: 0,0, Avg: 0,1, Max: 0,2, Diff: 0,2, Sum: 0,7]
      [Code Root Scanning (ms): Min: 0,0, Avg: 0,0, Max: 0,2, Diff: 0,2, Sum: 0,2]
      [Object Copy (ms): Min: 0,0, Avg: 3,3, Max: 15,2, Diff: 15,2, Sum: 26,0]
      [Termination (ms): Min: 0,0, Avg: 9,0, Max: 11,4, Diff: 11,4, Sum: 71,9]
         [Termination Attempts: Min: 1, Avg: 1,4, Max: 2, Diff: 1, Sum: 11]
      [GC Worker Other (ms): Min: 0,0, Avg: 0,0, Max: 0,0, Diff: 0,0, Sum: 0,1]
      [GC Worker Total (ms): Min: 8,6, Avg: 13,0, Max: 17,3, Diff: 8,7, Sum: 104,1]
      [GC Worker End (ms): Min: 72105,9, Avg: 72106,0, Max: 72106,1, Diff: 0,2]
   [Code Root Fixup: 0,0 ms]
   [Code Root Purge: 0,0 ms]
   [Clear CT: 0,5 ms]
   [Other: 4,3 ms]
      [Choose CSet: 0,0 ms]
      [Ref Proc: 3,5 ms]
      [Ref Enq: 0,0 ms]
      [Redirty Cards: 0,1 ms]
      [Humongous Register: 0,1 ms]
      [Humongous Reclaim: 0,0 ms]
      [Free CSet: 0,4 ms]
   [Eden: 612,0M(612,0M)->0,0B(611,0M) Survivors: 2048,0K->3072,0K Heap: 749,7M(1024,0M)->138,4M(1024,0M)]
 [Times: user=0,08 sys=0,01, real=0,03 secs] 
2020-09-08T17:17:21.024+0200: 72,842: [GC pause (G1 Evacuation Pause) (young), 0,0170239 secs]
   [Parallel Time: 7,8 ms, GC Workers: 8]
      [GC Worker Start (ms): Min: 72842,0, Avg: 72845,1, Max: 72848,6, Diff: 6,6]
      [Ext Root Scanning (ms): Min: 0,0, Avg: 1,0, Max: 7,2, Diff: 7,2, Sum: 8,0]
      [Update RS (ms): Min: 0,0, Avg: 0,4, Max: 1,2, Diff: 1,2, Sum: 3,3]
         [Processed Buffers: Min: 0, Avg: 2,9, Max: 18, Diff: 18, Sum: 23]
      [Scan RS (ms): Min: 0,0, Avg: 0,1, Max: 0,3, Diff: 0,2, Sum: 0,7]
      [Code Root Scanning (ms): Min: 0,0, Avg: 0,0, Max: 0,3, Diff: 0,3, Sum: 0,3]
      [Object Copy (ms): Min: 0,0, Avg: 1,5, Max: 3,0, Diff: 3,0, Sum: 11,8]
      [Termination (ms): Min: 0,0, Avg: 1,3, Max: 2,0, Diff: 2,0, Sum: 10,4]
         [Termination Attempts: Min: 1, Avg: 2,1, Max: 5, Diff: 4, Sum: 17]
      [GC Worker Other (ms): Min: 0,0, Avg: 0,0, Max: 0,0, Diff: 0,0, Sum: 0,1]
      [GC Worker Total (ms): Min: 0,9, Avg: 4,3, Max: 7,3, Diff: 6,4, Sum: 34,5]
      [GC Worker End (ms): Min: 72849,2, Avg: 72849,4, Max: 72849,7, Diff: 0,5]
   [Code Root Fixup: 0,0 ms]
   [Code Root Purge: 0,0 ms]
   [Clear CT: 4,6 ms]
   [Other: 4,5 ms]
      [Choose CSet: 0,0 ms]
      [Ref Proc: 3,7 ms]
      [Ref Enq: 0,0 ms]
      [Redirty Cards: 0,2 ms]
      [Humongous Register: 0,1 ms]
      [Humongous Reclaim: 0,0 ms]
      [Free CSet: 0,4 ms]
   [Eden: 611,0M(611,0M)->0,0B(611,0M) Survivors: 3072,0K->3072,0K Heap: 749,4M(1024,0M)->138,7M(1024,0M)]
 [Times: user=0,05 sys=0,00, real=0,02 secs] 
2020-09-08T17:17:21.798+0200: 73,615: [GC pause (G1 Evacuation Pause) (young), 0,0108222 secs]
   [Parallel Time: 5,7 ms, GC Workers: 8]
      [GC Worker Start (ms): Min: 73615,4, Avg: 73617,3, Max: 73620,8, Diff: 5,4]
      [Ext Root Scanning (ms): Min: 0,0, Avg: 0,3, Max: 0,5, Diff: 0,5, Sum: 2,1]
      [Update RS (ms): Min: 0,0, Avg: 0,4, Max: 0,7, Diff: 0,7, Sum: 3,4]
         [Processed Buffers: Min: 0, Avg: 3,1, Max: 8, Diff: 8, Sum: 25]
      [Scan RS (ms): Min: 0,0, Avg: 0,1, Max: 0,1, Diff: 0,1, Sum: 0,7]
      [Code Root Scanning (ms): Min: 0,0, Avg: 0,0, Max: 0,2, Diff: 0,2, Sum: 0,3]
      [Object Copy (ms): Min: 0,0, Avg: 1,5, Max: 2,4, Diff: 2,4, Sum: 11,7]
      [Termination (ms): Min: 0,0, Avg: 1,3, Max: 1,9, Diff: 1,9, Sum: 10,2]
         [Termination Attempts: Min: 1, Avg: 1,0, Max: 1, Diff: 0, Sum: 8]
      [GC Worker Other (ms): Min: 0,0, Avg: 0,0, Max: 0,0, Diff: 0,0, Sum: 0,1]
      [GC Worker Total (ms): Min: 0,0, Avg: 3,6, Max: 5,6, Diff: 5,5, Sum: 28,5]
      [GC Worker End (ms): Min: 73620,8, Avg: 73620,9, Max: 73620,9, Diff: 0,1]
   [Code Root Fixup: 0,0 ms]
   [Code Root Purge: 0,0 ms]
   [Clear CT: 0,2 ms]
   [Other: 4,9 ms]
      [Choose CSet: 0,0 ms]
      [Ref Proc: 4,2 ms]
      [Ref Enq: 0,0 ms]
      [Redirty Cards: 0,1 ms]
      [Humongous Register: 0,1 ms]
      [Humongous Reclaim: 0,0 ms]
      [Free CSet: 0,4 ms]
   [Eden: 611,0M(611,0M)->0,0B(611,0M) Survivors: 3072,0K->3072,0K Heap: 749,7M(1024,0M)->138,9M(1024,0M)]
 [Times: user=0,04 sys=0,00, real=0,01 secs] 
2020-09-08T17:17:22.710+0200: 74,527: [GC pause (G1 Evacuation Pause) (young), 0,0232083 secs]
   [Parallel Time: 17,8 ms, GC Workers: 8]
      [GC Worker Start (ms): Min: 74527,7, Avg: 74536,3, Max: 74541,7, Diff: 14,0]
      [Ext Root Scanning (ms): Min: 0,0, Avg: 0,3, Max: 2,1, Diff: 2,1, Sum: 2,1]
      [Update RS (ms): Min: 0,0, Avg: 1,9, Max: 14,8, Diff: 14,8, Sum: 15,4]
         [Processed Buffers: Min: 0, Avg: 3,9, Max: 10, Diff: 10, Sum: 31]
      [Scan RS (ms): Min: 0,1, Avg: 0,1, Max: 0,2, Diff: 0,1, Sum: 1,1]
      [Code Root Scanning (ms): Min: 0,0, Avg: 0,0, Max: 0,1, Diff: 0,1, Sum: 0,2]
      [Object Copy (ms): Min: 0,0, Avg: 3,2, Max: 8,3, Diff: 8,3, Sum: 25,8]
      [Termination (ms): Min: 0,0, Avg: 3,2, Max: 4,5, Diff: 4,5, Sum: 25,9]
         [Termination Attempts: Min: 1, Avg: 9,1, Max: 22, Diff: 21, Sum: 73]
      [GC Worker Other (ms): Min: 0,0, Avg: 0,0, Max: 0,0, Diff: 0,0, Sum: 0,1]
      [GC Worker Total (ms): Min: 3,4, Avg: 8,8, Max: 17,4, Diff: 14,0, Sum: 70,7]
      [GC Worker End (ms): Min: 74545,0, Avg: 74545,1, Max: 74545,4, Diff: 0,3]
   [Code Root Fixup: 0,0 ms]
   [Code Root Purge: 0,0 ms]
   [Clear CT: 0,6 ms]
   [Other: 4,8 ms]
      [Choose CSet: 0,0 ms]
      [Ref Proc: 3,8 ms]
      [Ref Enq: 0,0 ms]
      [Redirty Cards: 0,1 ms]
      [Humongous Register: 0,1 ms]
      [Humongous Reclaim: 0,0 ms]
      [Free CSet: 0,6 ms]
   [Eden: 611,0M(611,0M)->0,0B(610,0M) Survivors: 3072,0K->4096,0K Heap: 749,9M(1024,0M)->139,6M(1024,0M)]
 [Times: user=0,07 sys=0,00, real=0,03 secs] 
2020-09-08T17:17:23.590+0200: 75,407: [GC pause (G1 Evacuation Pause) (young), 0,0456018 secs]
   [Parallel Time: 19,7 ms, GC Workers: 8]
      [GC Worker Start (ms): Min: 75407,2, Avg: 75411,7, Max: 75416,6, Diff: 9,5]
      [Ext Root Scanning (ms): Min: 0,0, Avg: 0,2, Max: 0,7, Diff: 0,6, Sum: 2,0]
      [Update RS (ms): Min: 0,0, Avg: 0,6, Max: 1,7, Diff: 1,7, Sum: 4,7]
         [Processed Buffers: Min: 0, Avg: 3,9, Max: 14, Diff: 14, Sum: 31]
      [Scan RS (ms): Min: 0,0, Avg: 0,1, Max: 0,2, Diff: 0,2, Sum: 0,8]
      [Code Root Scanning (ms): Min: 0,0, Avg: 0,0, Max: 0,1, Diff: 0,1, Sum: 0,2]
      [Object Copy (ms): Min: 0,0, Avg: 5,0, Max: 16,6, Diff: 16,6, Sum: 40,3]
      [Termination (ms): Min: 0,0, Avg: 8,6, Max: 12,0, Diff: 12,0, Sum: 68,9]
         [Termination Attempts: Min: 1, Avg: 2,0, Max: 4, Diff: 3, Sum: 16]
      [GC Worker Other (ms): Min: 0,0, Avg: 0,0, Max: 0,0, Diff: 0,0, Sum: 0,1]
      [GC Worker Total (ms): Min: 9,6, Avg: 14,6, Max: 19,6, Diff: 10,1, Sum: 116,8]
      [GC Worker End (ms): Min: 75426,2, Avg: 75426,3, Max: 75426,8, Diff: 0,6]
   [Code Root Fixup: 0,0 ms]
   [Code Root Purge: 0,0 ms]
   [Clear CT: 0,4 ms]
   [Other: 25,5 ms]
      [Choose CSet: 0,0 ms]
      [Ref Proc: 24,8 ms]
      [Ref Enq: 0,0 ms]
      [Redirty Cards: 0,1 ms]
      [Humongous Register: 0,1 ms]
      [Humongous Reclaim: 0,0 ms]
      [Free CSet: 0,4 ms]
   [Eden: 610,0M(610,0M)->0,0B(47104,0K) Survivors: 4096,0K->5120,0K Heap: 749,6M(1024,0M)->140,7M(1024,0M)]
 [Times: user=0,09 sys=0,00, real=0,05 secs] 
2020-09-08T17:17:23.714+0200: 75,532: [GC pause (G1 Evacuation Pause) (young), 0,0391377 secs]
   [Parallel Time: 23,9 ms, GC Workers: 8]
      [GC Worker Start (ms): Min: 75531,8, Avg: 75538,0, Max: 75543,8, Diff: 12,1]
      [Ext Root Scanning (ms): Min: 0,0, Avg: 0,3, Max: 1,2, Diff: 1,2, Sum: 2,3]
      [Update RS (ms): Min: 0,0, Avg: 1,8, Max: 11,1, Diff: 11,1, Sum: 14,6]
         [Processed Buffers: Min: 0, Avg: 2,9, Max: 16, Diff: 16, Sum: 23]
      [Scan RS (ms): Min: 0,0, Avg: 0,0, Max: 0,0, Diff: 0,0, Sum: 0,1]
      [Code Root Scanning (ms): Min: 0,0, Avg: 0,0, Max: 0,2, Diff: 0,2, Sum: 0,2]
      [Object Copy (ms): Min: 0,0, Avg: 5,7, Max: 19,9, Diff: 19,9, Sum: 45,9]
      [Termination (ms): Min: 0,0, Avg: 9,6, Max: 13,4, Diff: 13,4, Sum: 77,0]
         [Termination Attempts: Min: 1, Avg: 1,6, Max: 4, Diff: 3, Sum: 13]
      [GC Worker Other (ms): Min: 0,0, Avg: 0,0, Max: 0,0, Diff: 0,0, Sum: 0,1]
      [GC Worker Total (ms): Min: 11,7, Avg: 17,5, Max: 23,7, Diff: 12,1, Sum: 140,1]
      [GC Worker End (ms): Min: 75555,3, Avg: 75555,5, Max: 75555,6, Diff: 0,3]
   [Code Root Fixup: 0,0 ms]
   [Code Root Purge: 0,0 ms]
   [Clear CT: 2,3 ms]
   [Other: 12,9 ms]
      [Choose CSet: 0,0 ms]
      [Ref Proc: 12,4 ms]
      [Ref Enq: 0,0 ms]
      [Redirty Cards: 0,1 ms]
      [Humongous Register: 0,1 ms]
      [Humongous Reclaim: 0,0 ms]
      [Free CSet: 0,1 ms]
   [Eden: 47104,0K(47104,0K)->0,0B(47104,0K) Survivors: 5120,0K->5120,0K Heap: 186,7M(1024,0M)->140,8M(1024,0M)]
 [Times: user=0,09 sys=0,00, real=0,04 secs] 
2020-09-08T17:17:23.831+0200: 75,648: [GC pause (G1 Evacuation Pause) (young), 0,0668980 secs]
   [Parallel Time: 21,6 ms, GC Workers: 8]
      [GC Worker Start (ms): Min: 75648,7, Avg: 75660,9, Max: 75668,0, Diff: 19,3]
      [Ext Root Scanning (ms): Min: 0,0, Avg: 0,2, Max: 1,6, Diff: 1,6, Sum: 1,7]
      [Update RS (ms): Min: 0,0, Avg: 0,6, Max: 4,7, Diff: 4,7, Sum: 4,7]
         [Processed Buffers: Min: 0, Avg: 3,4, Max: 27, Diff: 27, Sum: 27]
      [Scan RS (ms): Min: 0,0, Avg: 0,0, Max: 0,1, Diff: 0,1, Sum: 0,1]
      [Code Root Scanning (ms): Min: 0,0, Avg: 0,0, Max: 0,2, Diff: 0,2, Sum: 0,2]
      [Object Copy (ms): Min: 0,0, Avg: 3,7, Max: 9,9, Diff: 9,9, Sum: 29,4]
      [Termination (ms): Min: 0,0, Avg: 3,1, Max: 6,0, Diff: 6,0, Sum: 25,1]
         [Termination Attempts: Min: 1, Avg: 6,5, Max: 17, Diff: 16, Sum: 52]
      [GC Worker Other (ms): Min: 0,0, Avg: 0,0, Max: 0,0, Diff: 0,0, Sum: 0,1]
      [GC Worker Total (ms): Min: 0,0, Avg: 7,7, Max: 21,4, Diff: 21,4, Sum: 61,2]
      [GC Worker End (ms): Min: 75668,0, Avg: 75668,6, Max: 75670,1, Diff: 2,2]
   [Code Root Fixup: 0,0 ms]
   [Code Root Purge: 0,0 ms]
   [Clear CT: 0,2 ms]
   [Other: 45,1 ms]
      [Choose CSet: 0,0 ms]
      [Ref Proc: 44,6 ms]
      [Ref Enq: 0,0 ms]
      [Redirty Cards: 0,2 ms]
      [Humongous Register: 0,1 ms]
      [Humongous Reclaim: 0,0 ms]
      [Free CSet: 0,1 ms]
   [Eden: 47104,0K(47104,0K)->0,0B(48128,0K) Survivors: 5120,0K->4096,0K Heap: 186,8M(1024,0M)->140,2M(1024,0M)]
 [Times: user=0,08 sys=0,00, real=0,07 secs] 
2020-09-08T17:17:23.955+0200: 75,772: [GC pause (G1 Evacuation Pause) (young), 0,0381962 secs]
   [Parallel Time: 34,0 ms, GC Workers: 8]
      [GC Worker Start (ms): Min: 75772,3, Avg: 75780,8, Max: 75786,9, Diff: 14,6]
      [Ext Root Scanning (ms): Min: 0,0, Avg: 0,2, Max: 0,9, Diff: 0,9, Sum: 1,8]
      [Update RS (ms): Min: 0,0, Avg: 0,6, Max: 2,4, Diff: 2,4, Sum: 4,8]
         [Processed Buffers: Min: 0, Avg: 2,8, Max: 13, Diff: 13, Sum: 22]
      [Scan RS (ms): Min: 0,0, Avg: 0,0, Max: 0,0, Diff: 0,0, Sum: 0,1]
      [Code Root Scanning (ms): Min: 0,0, Avg: 0,0, Max: 0,2, Diff: 0,2, Sum: 0,2]
      [Object Copy (ms): Min: 0,0, Avg: 8,3, Max: 29,0, Diff: 29,0, Sum: 66,3]
      [Termination (ms): Min: 0,0, Avg: 16,2, Max: 22,8, Diff: 22,8, Sum: 129,5]
         [Termination Attempts: Min: 1, Avg: 3,2, Max: 10, Diff: 9, Sum: 26]
      [GC Worker Other (ms): Min: 0,0, Avg: 0,0, Max: 0,0, Diff: 0,0, Sum: 0,1]
      [GC Worker Total (ms): Min: 19,3, Avg: 25,3, Max: 33,8, Diff: 14,5, Sum: 202,7]
      [GC Worker End (ms): Min: 75806,1, Avg: 75806,1, Max: 75806,2, Diff: 0,2]
   [Code Root Fixup: 0,0 ms]
   [Code Root Purge: 0,0 ms]
   [Clear CT: 0,2 ms]
   [Other: 4,0 ms]
      [Choose CSet: 0,0 ms]
      [Ref Proc: 3,5 ms]
      [Ref Enq: 0,0 ms]
      [Redirty Cards: 0,1 ms]
      [Humongous Register: 0,1 ms]
      [Humongous Reclaim: 0,0 ms]
      [Free CSet: 0,1 ms]
   [Eden: 48128,0K(48128,0K)->0,0B(48128,0K) Survivors: 4096,0K->4096,0K Heap: 187,2M(1024,0M)->140,0M(1024,0M)]
 [Times: user=0,06 sys=0,01, real=0,04 secs] 
2020-09-08T17:17:24.061+0200: 75,879: [GC pause (G1 Evacuation Pause) (young), 0,0340714 secs]
   [Parallel Time: 29,2 ms, GC Workers: 8]
      [GC Worker Start (ms): Min: 75878,8, Avg: 75883,8, Max: 75889,9, Diff: 11,1]
      [Ext Root Scanning (ms): Min: 0,0, Avg: 0,3, Max: 1,2, Diff: 1,2, Sum: 2,4]
      [Update RS (ms): Min: 0,0, Avg: 2,1, Max: 7,8, Diff: 7,8, Sum: 16,8]
         [Processed Buffers: Min: 0, Avg: 2,8, Max: 8, Diff: 8, Sum: 22]
      [Scan RS (ms): Min: 0,0, Avg: 0,0, Max: 0,0, Diff: 0,0, Sum: 0,1]
      [Code Root Scanning (ms): Min: 0,0, Avg: 0,0, Max: 0,2, Diff: 0,2, Sum: 0,2]
      [Object Copy (ms): Min: 0,0, Avg: 4,2, Max: 19,6, Diff: 19,6, Sum: 33,7]
      [Termination (ms): Min: 0,0, Avg: 12,9, Max: 19,8, Diff: 19,8, Sum: 103,5]
         [Termination Attempts: Min: 1, Avg: 2,1, Max: 4, Diff: 3, Sum: 17]
      [GC Worker Other (ms): Min: 0,0, Avg: 0,0, Max: 0,0, Diff: 0,0, Sum: 0,1]
      [GC Worker Total (ms): Min: 12,5, Avg: 19,6, Max: 25,7, Diff: 13,2, Sum: 156,7]
      [GC Worker End (ms): Min: 75902,2, Avg: 75903,4, Max: 75907,9, Diff: 5,8]
   [Code Root Fixup: 0,0 ms]
   [Code Root Purge: 0,0 ms]
   [Clear CT: 0,1 ms]
   [Other: 4,7 ms]
      [Choose CSet: 0,0 ms]
      [Ref Proc: 4,1 ms]
      [Ref Enq: 0,0 ms]
      [Redirty Cards: 0,1 ms]
      [Humongous Register: 0,1 ms]
      [Humongous Reclaim: 0,1 ms]
      [Free CSet: 0,1 ms]
   [Eden: 48128,0K(48128,0K)->0,0B(48128,0K) Survivors: 4096,0K->4096,0K Heap: 187,0M(1024,0M)->140,7M(1024,0M)]
 [Times: user=0,08 sys=0,00, real=0,04 secs] 
2020-09-08T17:17:24.164+0200: 75,982: [GC pause (G1 Evacuation Pause) (young), 0,0299867 secs]
   [Parallel Time: 23,6 ms, GC Workers: 8]
      [GC Worker Start (ms): Min: 75982,0, Avg: 75984,6, Max: 75988,4, Diff: 6,4]
      [Ext Root Scanning (ms): Min: 0,0, Avg: 1,3, Max: 8,8, Diff: 8,7, Sum: 10,6]
      [Update RS (ms): Min: 0,0, Avg: 1,8, Max: 9,0, Diff: 9,0, Sum: 14,2]
         [Processed Buffers: Min: 0, Avg: 3,6, Max: 18, Diff: 18, Sum: 29]
      [Scan RS (ms): Min: 0,0, Avg: 0,0, Max: 0,1, Diff: 0,1, Sum: 0,1]
      [Code Root Scanning (ms): Min: 0,0, Avg: 0,0, Max: 0,2, Diff: 0,2, Sum: 0,2]
      [Object Copy (ms): Min: 0,1, Avg: 5,8, Max: 17,1, Diff: 17,0, Sum: 46,4]
      [Termination (ms): Min: 0,0, Avg: 9,3, Max: 14,1, Diff: 14,1, Sum: 74,0]
         [Termination Attempts: Min: 1, Avg: 2,5, Max: 5, Diff: 4, Sum: 20]
      [GC Worker Other (ms): Min: 0,0, Avg: 0,0, Max: 0,0, Diff: 0,0, Sum: 0,1]
      [GC Worker Total (ms): Min: 14,3, Avg: 18,2, Max: 20,4, Diff: 6,0, Sum: 145,6]
      [GC Worker End (ms): Min: 76002,2, Avg: 76002,8, Max: 76005,0, Diff: 2,8]
   [Code Root Fixup: 0,0 ms]
   [Code Root Purge: 0,0 ms]
   [Clear CT: 0,1 ms]
   [Other: 6,3 ms]
      [Choose CSet: 0,0 ms]
      [Ref Proc: 5,7 ms]
      [Ref Enq: 0,0 ms]
      [Redirty Cards: 0,1 ms]
      [Humongous Register: 0,1 ms]
      [Humongous Reclaim: 0,0 ms]
      [Free CSet: 0,1 ms]
   [Eden: 48128,0K(48128,0K)->0,0B(48128,0K) Survivors: 4096,0K->4096,0K Heap: 187,7M(1024,0M)->140,4M(1024,0M)]
 [Times: user=0,07 sys=0,00, real=0,04 secs] 
2020-09-08T17:17:24.256+0200: 76,074: [GC pause (G1 Evacuation Pause) (young), 0,0793758 secs]
   [Parallel Time: 53,0 ms, GC Workers: 8]
      [GC Worker Start (ms): Min: 76074,2, Avg: 76083,8, Max: 76095,6, Diff: 21,5]
      [Ext Root Scanning (ms): Min: 0,0, Avg: 0,2, Max: 0,9, Diff: 0,9, Sum: 1,9]
      [Update RS (ms): Min: 0,0, Avg: 0,7, Max: 3,0, Diff: 3,0, Sum: 6,0]
         [Processed Buffers: Min: 0, Avg: 2,9, Max: 18, Diff: 18, Sum: 23]
      [Scan RS (ms): Min: 0,0, Avg: 0,0, Max: 0,1, Diff: 0,1, Sum: 0,1]
      [Code Root Scanning (ms): Min: 0,0, Avg: 0,0, Max: 0,1, Diff: 0,1, Sum: 0,1]
      [Object Copy (ms): Min: 0,0, Avg: 8,1, Max: 45,4, Diff: 45,4, Sum: 64,5]
      [Termination (ms): Min: 0,0, Avg: 31,1, Max: 39,1, Diff: 39,1, Sum: 248,6]
         [Termination Attempts: Min: 1, Avg: 1,9, Max: 5, Diff: 4, Sum: 15]
      [GC Worker Other (ms): Min: 0,0, Avg: 0,0, Max: 0,0, Diff: 0,0, Sum: 0,1]
      [GC Worker Total (ms): Min: 28,0, Avg: 40,2, Max: 52,4, Diff: 24,5, Sum: 321,3]
      [GC Worker End (ms): Min: 76123,5, Avg: 76124,0, Max: 76126,6, Diff: 3,1]
   [Code Root Fixup: 0,0 ms]
   [Code Root Purge: 0,0 ms]
   [Clear CT: 0,4 ms]
   [Other: 25,9 ms]
      [Choose CSet: 0,0 ms]
      [Ref Proc: 25,4 ms]
      [Ref Enq: 0,0 ms]
      [Redirty Cards: 0,1 ms]
      [Humongous Register: 0,1 ms]
      [Humongous Reclaim: 0,0 ms]
      [Free CSet: 0,1 ms]
   [Eden: 48128,0K(48128,0K)->0,0B(48128,0K) Survivors: 4096,0K->4096,0K Heap: 187,4M(1024,0M)->140,3M(1024,0M)]
 [Times: user=0,15 sys=0,00, real=0,08 secs] 
2020-09-08T17:17:24.412+0200: 76,229: [GC pause (G1 Evacuation Pause) (young), 0,0376422 secs]
   [Parallel Time: 20,2 ms, GC Workers: 8]
      [GC Worker Start (ms): Min: 76229,4, Avg: 76236,8, Max: 76244,7, Diff: 15,3]
      [Ext Root Scanning (ms): Min: 0,0, Avg: 0,4, Max: 2,0, Diff: 2,0, Sum: 3,2]
      [Update RS (ms): Min: 0,0, Avg: 1,9, Max: 11,5, Diff: 11,5, Sum: 14,9]
         [Processed Buffers: Min: 0, Avg: 3,4, Max: 12, Diff: 12, Sum: 27]
      [Scan RS (ms): Min: 0,0, Avg: 0,0, Max: 0,0, Diff: 0,0, Sum: 0,1]
      [Code Root Scanning (ms): Min: 0,0, Avg: 0,0, Max: 0,1, Diff: 0,1, Sum: 0,1]
      [Object Copy (ms): Min: 0,0, Avg: 3,1, Max: 9,2, Diff: 9,2, Sum: 25,0]
      [Termination (ms): Min: 0,0, Avg: 3,1, Max: 4,8, Diff: 4,8, Sum: 25,1]
         [Termination Attempts: Min: 1, Avg: 5,5, Max: 16, Diff: 15, Sum: 44]
      [GC Worker Other (ms): Min: 0,0, Avg: 0,0, Max: 0,0, Diff: 0,0, Sum: 0,1]
      [GC Worker Total (ms): Min: 0,0, Avg: 8,6, Max: 16,1, Diff: 16,0, Sum: 68,4]
      [GC Worker End (ms): Min: 76244,8, Avg: 76245,4, Max: 76248,8, Diff: 4,0]
   [Code Root Fixup: 0,0 ms]
   [Code Root Purge: 0,0 ms]
   [Clear CT: 0,1 ms]
   [Other: 17,3 ms]
      [Choose CSet: 0,0 ms]
      [Ref Proc: 16,7 ms]
      [Ref Enq: 0,0 ms]
      [Redirty Cards: 0,1 ms]
      [Humongous Register: 0,1 ms]
      [Humongous Reclaim: 0,0 ms]
      [Free CSet: 0,1 ms]
   [Eden: 48128,0K(48128,0K)->0,0B(47104,0K) Survivors: 4096,0K->5120,0K Heap: 187,3M(1024,0M)->141,4M(1024,0M)]
 [Times: user=0,07 sys=0,00, real=0,04 secs] 
2020-09-08T17:17:24.516+0200: 76,333: [GC pause (G1 Evacuation Pause) (young), 0,0353583 secs]
   [Parallel Time: 27,4 ms, GC Workers: 8]
      [GC Worker Start (ms): Min: 76333,5, Avg: 76340,4, Max: 76347,1, Diff: 13,6]
      [Ext Root Scanning (ms): Min: 0,0, Avg: 0,3, Max: 1,0, Diff: 1,0, Sum: 2,0]
      [Update RS (ms): Min: 0,0, Avg: 2,2, Max: 13,3, Diff: 13,3, Sum: 17,4]
         [Processed Buffers: Min: 0, Avg: 4,0, Max: 21, Diff: 21, Sum: 32]
      [Scan RS (ms): Min: 0,0, Avg: 0,0, Max: 0,0, Diff: 0,0, Sum: 0,1]
      [Code Root Scanning (ms): Min: 0,0, Avg: 0,0, Max: 0,2, Diff: 0,2, Sum: 0,2]
      [Object Copy (ms): Min: 0,0, Avg: 4,0, Max: 12,0, Diff: 12,0, Sum: 32,1]
      [Termination (ms): Min: 0,0, Avg: 4,9, Max: 8,7, Diff: 8,7, Sum: 39,0]
         [Termination Attempts: Min: 1, Avg: 1,5, Max: 5, Diff: 4, Sum: 12]
      [GC Worker Other (ms): Min: 0,0, Avg: 0,0, Max: 0,0, Diff: 0,0, Sum: 0,1]
      [GC Worker Total (ms): Min: 3,1, Avg: 11,4, Max: 20,6, Diff: 17,5, Sum: 90,8]
      [GC Worker End (ms): Min: 76350,1, Avg: 76351,8, Max: 76354,2, Diff: 4,1]
   [Code Root Fixup: 0,0 ms]
   [Code Root Purge: 0,0 ms]
   [Clear CT: 1,5 ms]
   [Other: 6,5 ms]
      [Choose CSet: 0,0 ms]
      [Ref Proc: 5,9 ms]
      [Ref Enq: 0,0 ms]
      [Redirty Cards: 0,2 ms]
      [Humongous Register: 0,1 ms]
      [Humongous Reclaim: 0,0 ms]
      [Free CSet: 0,1 ms]
   [Eden: 47104,0K(47104,0K)->0,0B(48128,0K) Survivors: 5120,0K->4096,0K Heap: 187,4M(1024,0M)->141,0M(1024,0M)]
 [Times: user=0,04 sys=0,01, real=0,03 secs] 
2020-09-08T17:17:24.613+0200: 76,430: [GC pause (G1 Evacuation Pause) (young), 0,0659020 secs]
   [Parallel Time: 56,8 ms, GC Workers: 8]
      [GC Worker Start (ms): Min: 76430,4, Avg: 76439,9, Max: 76446,5, Diff: 16,2]
      [Ext Root Scanning (ms): Min: 0,0, Avg: 0,3, Max: 1,3, Diff: 1,3, Sum: 2,6]
      [Update RS (ms): Min: 0,0, Avg: 0,8, Max: 3,2, Diff: 3,2, Sum: 6,2]
         [Processed Buffers: Min: 0, Avg: 3,5, Max: 20, Diff: 20, Sum: 28]
      [Scan RS (ms): Min: 0,0, Avg: 0,0, Max: 0,0, Diff: 0,0, Sum: 0,1]
      [Code Root Scanning (ms): Min: 0,0, Avg: 0,0, Max: 0,1, Diff: 0,1, Sum: 0,1]
      [Object Copy (ms): Min: 0,0, Avg: 12,0, Max: 48,7, Diff: 48,7, Sum: 95,8]
      [Termination (ms): Min: 0,0, Avg: 31,8, Max: 41,5, Diff: 41,5, Sum: 254,5]
         [Termination Attempts: Min: 1, Avg: 3,6, Max: 14, Diff: 13, Sum: 29]
      [GC Worker Other (ms): Min: 0,0, Avg: 0,0, Max: 0,0, Diff: 0,0, Sum: 0,1]
      [GC Worker Total (ms): Min: 38,1, Avg: 44,9, Max: 54,3, Diff: 16,2, Sum: 359,5]
      [GC Worker End (ms): Min: 76484,4, Avg: 76484,9, Max: 76487,0, Diff: 2,6]
   [Code Root Fixup: 0,0 ms]
   [Code Root Purge: 0,0 ms]
   [Clear CT: 0,1 ms]
   [Other: 8,9 ms]
      [Choose CSet: 0,0 ms]
      [Ref Proc: 8,4 ms]
      [Ref Enq: 0,0 ms]
      [Redirty Cards: 0,1 ms]
      [Humongous Register: 0,1 ms]
      [Humongous Reclaim: 0,0 ms]
      [Free CSet: 0,1 ms]
   [Eden: 48128,0K(48128,0K)->0,0B(48128,0K) Survivors: 4096,0K->4096,0K Heap: 188,0M(1024,0M)->141,1M(1024,0M)]
 [Times: user=0,10 sys=0,00, real=0,06 secs] 
2020-09-08T17:17:24.747+0200: 76,564: [GC pause (G1 Evacuation Pause) (young), 0,0440541 secs]
   [Parallel Time: 21,9 ms, GC Workers: 8]
      [GC Worker Start (ms): Min: 76564,2, Avg: 76573,0, Max: 76579,1, Diff: 14,9]
      [Ext Root Scanning (ms): Min: 0,0, Avg: 0,2, Max: 1,2, Diff: 1,2, Sum: 2,0]
      [Update RS (ms): Min: 0,0, Avg: 0,8, Max: 3,0, Diff: 3,0, Sum: 6,1]
         [Processed Buffers: Min: 0, Avg: 3,5, Max: 19, Diff: 19, Sum: 28]
      [Scan RS (ms): Min: 0,0, Avg: 0,0, Max: 0,0, Diff: 0,0, Sum: 0,1]
      [Code Root Scanning (ms): Min: 0,0, Avg: 0,0, Max: 0,1, Diff: 0,1, Sum: 0,1]
      [Object Copy (ms): Min: 0,0, Avg: 5,0, Max: 16,8, Diff: 16,8, Sum: 40,1]
      [Termination (ms): Min: 0,0, Avg: 6,9, Max: 9,5, Diff: 9,5, Sum: 54,9]
         [Termination Attempts: Min: 1, Avg: 4,6, Max: 17, Diff: 16, Sum: 37]
      [GC Worker Other (ms): Min: 0,0, Avg: 0,0, Max: 0,0, Diff: 0,0, Sum: 0,1]
      [GC Worker Total (ms): Min: 6,9, Avg: 12,9, Max: 21,6, Diff: 14,7, Sum: 103,3]
      [GC Worker End (ms): Min: 76585,8, Avg: 76585,9, Max: 76586,0, Diff: 0,2]
   [Code Root Fixup: 0,0 ms]
   [Code Root Purge: 0,0 ms]
   [Clear CT: 0,2 ms]
   [Other: 22,0 ms]
      [Choose CSet: 0,0 ms]
      [Ref Proc: 21,4 ms]
      [Ref Enq: 0,0 ms]
      [Redirty Cards: 0,1 ms]
      [Humongous Register: 0,1 ms]
      [Humongous Reclaim: 0,1 ms]
      [Free CSet: 0,1 ms]
   [Eden: 48128,0K(48128,0K)->0,0B(48128,0K) Survivors: 4096,0K->4096,0K Heap: 188,1M(1024,0M)->140,7M(1024,0M)]
 [Times: user=0,09 sys=0,00, real=0,04 secs] 
2020-09-08T17:17:44.328+0200: 96,146: [GC pause (G1 Evacuation Pause) (young), 0,0472003 secs]
   [Parallel Time: 42,0 ms, GC Workers: 8]
      [GC Worker Start (ms): Min: 96145,6, Avg: 96159,9, Max: 96171,4, Diff: 25,8]
      [Ext Root Scanning (ms): Min: 0,0, Avg: 0,1, Max: 1,1, Diff: 1,1, Sum: 1,2]
      [Update RS (ms): Min: 0,0, Avg: 4,4, Max: 34,0, Diff: 34,0, Sum: 34,9]
         [Processed Buffers: Min: 0, Avg: 5,9, Max: 34, Diff: 34, Sum: 47]
      [Scan RS (ms): Min: 0,0, Avg: 0,0, Max: 0,0, Diff: 0,0, Sum: 0,1]
      [Code Root Scanning (ms): Min: 0,0, Avg: 0,0, Max: 0,2, Diff: 0,2, Sum: 0,2]
      [Object Copy (ms): Min: 0,0, Avg: 10,6, Max: 27,6, Diff: 27,6, Sum: 84,6]
      [Termination (ms): Min: 0,0, Avg: 11,0, Max: 15,8, Diff: 15,8, Sum: 88,2]
         [Termination Attempts: Min: 1, Avg: 7,8, Max: 21, Diff: 20, Sum: 62]
      [GC Worker Other (ms): Min: 0,0, Avg: 0,0, Max: 0,0, Diff: 0,0, Sum: 0,1]
      [GC Worker Total (ms): Min: 14,5, Avg: 26,2, Max: 40,2, Diff: 25,7, Sum: 209,2]
      [GC Worker End (ms): Min: 96185,8, Avg: 96186,0, Max: 96187,2, Diff: 1,4]
   [Code Root Fixup: 0,0 ms]
   [Code Root Purge: 0,0 ms]
   [Clear CT: 0,3 ms]
   [Other: 5,0 ms]
      [Choose CSet: 0,0 ms]
      [Ref Proc: 4,4 ms]
      [Ref Enq: 0,0 ms]
      [Redirty Cards: 0,2 ms]
      [Humongous Register: 0,1 ms]
      [Humongous Reclaim: 0,0 ms]
      [Free CSet: 0,1 ms]
   [Eden: 48128,0K(48128,0K)->0,0B(45056,0K) Survivors: 4096,0K->7168,0K Heap: 187,7M(1024,0M)->145,0M(1024,0M)]
 [Times: user=0,08 sys=0,00, real=0,05 secs] 
2020-09-08T17:18:18.940+0200: 130,757: [GC pause (G1 Evacuation Pause) (young), 0,0199192 secs]
   [Parallel Time: 9,2 ms, GC Workers: 8]
      [GC Worker Start (ms): Min: 130757,2, Avg: 130759,0, Max: 130761,8, Diff: 4,6]
      [Ext Root Scanning (ms): Min: 0,0, Avg: 0,2, Max: 0,4, Diff: 0,4, Sum: 1,6]
      [Update RS (ms): Min: 0,0, Avg: 1,0, Max: 1,6, Diff: 1,6, Sum: 7,6]
         [Processed Buffers: Min: 0, Avg: 6,1, Max: 22, Diff: 22, Sum: 49]
      [Scan RS (ms): Min: 0,0, Avg: 0,0, Max: 0,0, Diff: 0,0, Sum: 0,1]
      [Code Root Scanning (ms): Min: 0,0, Avg: 0,0, Max: 0,1, Diff: 0,1, Sum: 0,1]
      [Object Copy (ms): Min: 3,5, Avg: 5,5, Max: 7,0, Diff: 3,5, Sum: 43,8]
      [Termination (ms): Min: 0,0, Avg: 0,6, Max: 0,9, Diff: 0,9, Sum: 4,5]
         [Termination Attempts: Min: 1, Avg: 1,2, Max: 2, Diff: 1, Sum: 10]
      [GC Worker Other (ms): Min: 0,0, Avg: 0,0, Max: 0,0, Diff: 0,0, Sum: 0,0]
      [GC Worker Total (ms): Min: 4,3, Avg: 7,2, Max: 9,0, Diff: 4,6, Sum: 57,9]
      [GC Worker End (ms): Min: 130766,2, Avg: 130766,2, Max: 130766,2, Diff: 0,0]
   [Code Root Fixup: 0,0 ms]
   [Code Root Purge: 0,0 ms]
   [Clear CT: 0,1 ms]
   [Other: 10,7 ms]
      [Choose CSet: 0,0 ms]
      [Ref Proc: 10,2 ms]
      [Ref Enq: 0,0 ms]
      [Redirty Cards: 0,1 ms]
      [Humongous Register: 0,0 ms]
      [Humongous Reclaim: 0,0 ms]
      [Free CSet: 0,1 ms]
   [Eden: 45056,0K(45056,0K)->0,0B(45056,0K) Survivors: 7168,0K->7168,0K Heap: 189,0M(1024,0M)->146,4M(1024,0M)]
 [Times: user=0,09 sys=0,01, real=0,02 secs] 
2020-09-08T17:18:24.311+0200: 136,128: [GC pause (G1 Evacuation Pause) (young), 0,0216898 secs]
   [Parallel Time: 18,2 ms, GC Workers: 8]
      [GC Worker Start (ms): Min: 136128,2, Avg: 136130,5, Max: 136134,2, Diff: 6,1]
      [Ext Root Scanning (ms): Min: 0,0, Avg: 0,2, Max: 0,6, Diff: 0,6, Sum: 1,8]
      [Update RS (ms): Min: 0,0, Avg: 4,0, Max: 12,0, Diff: 12,0, Sum: 31,8]
         [Processed Buffers: Min: 0, Avg: 7,0, Max: 22, Diff: 22, Sum: 56]
      [Scan RS (ms): Min: 0,0, Avg: 0,1, Max: 0,1, Diff: 0,1, Sum: 0,4]
      [Code Root Scanning (ms): Min: 0,0, Avg: 0,0, Max: 0,1, Diff: 0,1, Sum: 0,3]
      [Object Copy (ms): Min: 0,0, Avg: 4,4, Max: 7,2, Diff: 7,2, Sum: 35,2]
      [Termination (ms): Min: 0,0, Avg: 2,4, Max: 7,6, Diff: 7,6, Sum: 19,3]
         [Termination Attempts: Min: 1, Avg: 29,4, Max: 73, Diff: 72, Sum: 235]
      [GC Worker Other (ms): Min: 0,0, Avg: 0,0, Max: 0,0, Diff: 0,0, Sum: 0,1]
      [GC Worker Total (ms): Min: 6,7, Avg: 11,1, Max: 15,9, Diff: 9,3, Sum: 88,9]
      [GC Worker End (ms): Min: 136140,9, Avg: 136141,6, Max: 136146,1, Diff: 5,3]
   [Code Root Fixup: 0,0 ms]
   [Code Root Purge: 0,0 ms]
   [Clear CT: 0,2 ms]
   [Other: 3,3 ms]
      [Choose CSet: 0,0 ms]
      [Ref Proc: 2,8 ms]
      [Ref Enq: 0,0 ms]
      [Redirty Cards: 0,2 ms]
      [Humongous Register: 0,1 ms]
      [Humongous Reclaim: 0,0 ms]
      [Free CSet: 0,1 ms]
   [Eden: 45056,0K(45056,0K)->0,0B(46080,0K) Survivors: 7168,0K->6144,0K Heap: 190,4M(1024,0M)->148,2M(1024,0M)]
 [Times: user=0,08 sys=0,01, real=0,02 secs] 
2020-09-08T17:18:24.796+0200: 136,613: [GC pause (G1 Evacuation Pause) (young), 0,0359996 secs]
   [Parallel Time: 33,3 ms, GC Workers: 8]
      [GC Worker Start (ms): Min: 136613,1, Avg: 136615,6, Max: 136621,1, Diff: 8,0]
      [Ext Root Scanning (ms): Min: 0,0, Avg: 0,2, Max: 0,6, Diff: 0,6, Sum: 1,9]
      [Update RS (ms): Min: 0,0, Avg: 3,9, Max: 12,8, Diff: 12,8, Sum: 31,0]
         [Processed Buffers: Min: 0, Avg: 5,1, Max: 11, Diff: 11, Sum: 41]
      [Scan RS (ms): Min: 0,0, Avg: 0,1, Max: 0,3, Diff: 0,3, Sum: 1,1]
      [Code Root Scanning (ms): Min: 0,0, Avg: 0,0, Max: 0,1, Diff: 0,1, Sum: 0,2]
      [Object Copy (ms): Min: 4,1, Avg: 12,3, Max: 21,0, Diff: 16,9, Sum: 98,1]
      [Termination (ms): Min: 5,4, Avg: 12,4, Max: 22,4, Diff: 17,0, Sum: 99,0]
         [Termination Attempts: Min: 1, Avg: 4810,6, Max: 9157, Diff: 9156, Sum: 38485]
      [GC Worker Other (ms): Min: 0,0, Avg: 0,0, Max: 0,0, Diff: 0,0, Sum: 0,1]
      [GC Worker Total (ms): Min: 21,9, Avg: 28,9, Max: 31,8, Diff: 9,9, Sum: 231,4]
      [GC Worker End (ms): Min: 136642,8, Avg: 136644,5, Max: 136646,2, Diff: 3,4]
   [Code Root Fixup: 0,0 ms]
   [Code Root Purge: 0,0 ms]
   [Clear CT: 0,2 ms]
   [Other: 2,5 ms]
      [Choose CSet: 0,0 ms]
      [Ref Proc: 2,0 ms]
      [Ref Enq: 0,0 ms]
      [Redirty Cards: 0,1 ms]
      [Humongous Register: 0,1 ms]
      [Humongous Reclaim: 0,0 ms]
      [Free CSet: 0,1 ms]
   [Eden: 46080,0K(46080,0K)->0,0B(46080,0K) Survivors: 6144,0K->6144,0K Heap: 193,2M(1024,0M)->147,5M(1024,0M)]
 [Times: user=0,13 sys=0,00, real=0,03 secs] 
2020-09-08T17:18:25.173+0200: 136,991: [GC pause (G1 Evacuation Pause) (young), 0,0282907 secs]
   [Parallel Time: 24,1 ms, GC Workers: 8]
      [GC Worker Start (ms): Min: 136990,7, Avg: 137004,5, Max: 137011,0, Diff: 20,3]
      [Ext Root Scanning (ms): Min: 0,0, Avg: 0,2, Max: 1,4, Diff: 1,4, Sum: 1,5]
      [Update RS (ms): Min: 0,0, Avg: 0,6, Max: 4,8, Diff: 4,8, Sum: 4,8]
         [Processed Buffers: Min: 0, Avg: 3,6, Max: 29, Diff: 29, Sum: 29]
      [Scan RS (ms): Min: 0,0, Avg: 0,0, Max: 0,0, Diff: 0,0, Sum: 0,1]
      [Code Root Scanning (ms): Min: 0,0, Avg: 0,0, Max: 0,2, Diff: 0,2, Sum: 0,2]
      [Object Copy (ms): Min: 0,0, Avg: 4,7, Max: 12,5, Diff: 12,5, Sum: 37,3]
      [Termination (ms): Min: 0,0, Avg: 1,6, Max: 5,1, Diff: 5,1, Sum: 12,9]
         [Termination Attempts: Min: 1, Avg: 9,4, Max: 28, Diff: 27, Sum: 75]
      [GC Worker Other (ms): Min: 0,0, Avg: 0,0, Max: 0,0, Diff: 0,0, Sum: 0,1]
      [GC Worker Total (ms): Min: 0,0, Avg: 7,1, Max: 24,1, Diff: 24,0, Sum: 56,8]
      [GC Worker End (ms): Min: 137011,1, Avg: 137011,6, Max: 137014,8, Diff: 3,8]
   [Code Root Fixup: 0,0 ms]
   [Code Root Purge: 0,0 ms]
   [Clear CT: 0,2 ms]
   [Other: 4,0 ms]
      [Choose CSet: 0,0 ms]
      [Ref Proc: 3,5 ms]
      [Ref Enq: 0,0 ms]
      [Redirty Cards: 0,2 ms]
      [Humongous Register: 0,1 ms]
      [Humongous Reclaim: 0,0 ms]
      [Free CSet: 0,1 ms]
   [Eden: 46080,0K(46080,0K)->0,0B(46080,0K) Survivors: 6144,0K->6144,0K Heap: 192,5M(1024,0M)->147,6M(1024,0M)]
 [Times: user=0,05 sys=0,00, real=0,02 secs] 
2020-09-08T17:18:26.386+0200: 138,203: [GC pause (G1 Evacuation Pause) (young), 0,0131695 secs]
   [Parallel Time: 10,7 ms, GC Workers: 8]
      [GC Worker Start (ms): Min: 138203,3, Avg: 138207,8, Max: 138212,0, Diff: 8,8]
      [Ext Root Scanning (ms): Min: 0,0, Avg: 0,2, Max: 0,6, Diff: 0,6, Sum: 1,8]
      [Update RS (ms): Min: 0,0, Avg: 0,6, Max: 1,6, Diff: 1,6, Sum: 4,8]
         [Processed Buffers: Min: 0, Avg: 3,5, Max: 11, Diff: 11, Sum: 28]
      [Scan RS (ms): Min: 0,0, Avg: 0,0, Max: 0,0, Diff: 0,0, Sum: 0,0]
      [Code Root Scanning (ms): Min: 0,0, Avg: 0,0, Max: 0,1, Diff: 0,1, Sum: 0,1]
      [Object Copy (ms): Min: 0,0, Avg: 3,6, Max: 8,3, Diff: 8,3, Sum: 28,5]
      [Termination (ms): Min: 0,0, Avg: 1,6, Max: 2,7, Diff: 2,7, Sum: 12,7]
         [Termination Attempts: Min: 1, Avg: 3,4, Max: 7, Diff: 6, Sum: 27]
      [GC Worker Other (ms): Min: 0,0, Avg: 0,0, Max: 0,0, Diff: 0,0, Sum: 0,1]
      [GC Worker Total (ms): Min: 1,8, Avg: 6,0, Max: 10,6, Diff: 8,7, Sum: 48,1]
      [GC Worker End (ms): Min: 138213,8, Avg: 138213,8, Max: 138213,9, Diff: 0,1]
   [Code Root Fixup: 0,0 ms]
   [Code Root Purge: 0,0 ms]
   [Clear CT: 0,1 ms]
   [Other: 2,3 ms]
      [Choose CSet: 0,0 ms]
      [Ref Proc: 1,8 ms]
      [Ref Enq: 0,0 ms]
      [Redirty Cards: 0,1 ms]
      [Humongous Register: 0,1 ms]
      [Humongous Reclaim: 0,0 ms]
      [Free CSet: 0,1 ms]
   [Eden: 46080,0K(46080,0K)->0,0B(45056,0K) Survivors: 6144,0K->7168,0K Heap: 192,6M(1024,0M)->149,3M(1024,0M)]
 [Times: user=0,04 sys=0,00, real=0,01 secs] 
2020-09-08T17:18:27.035+0200: 138,852: [GC pause (G1 Evacuation Pause) (young), 0,0556070 secs]
   [Parallel Time: 13,7 ms, GC Workers: 8]
      [GC Worker Start (ms): Min: 138852,4, Avg: 138859,4, Max: 138864,6, Diff: 12,2]
      [Ext Root Scanning (ms): Min: 0,0, Avg: 0,2, Max: 0,7, Diff: 0,7, Sum: 1,5]
      [Update RS (ms): Min: 0,0, Avg: 0,6, Max: 2,0, Diff: 2,0, Sum: 5,1]
         [Processed Buffers: Min: 0, Avg: 4,6, Max: 16, Diff: 16, Sum: 37]
      [Scan RS (ms): Min: 0,0, Avg: 0,0, Max: 0,0, Diff: 0,0, Sum: 0,1]
      [Code Root Scanning (ms): Min: 0,0, Avg: 0,0, Max: 0,1, Diff: 0,1, Sum: 0,2]
      [Object Copy (ms): Min: 0,0, Avg: 2,4, Max: 6,4, Diff: 6,4, Sum: 18,9]
      [Termination (ms): Min: 0,0, Avg: 2,1, Max: 3,3, Diff: 3,3, Sum: 17,0]
         [Termination Attempts: Min: 1, Avg: 1,1, Max: 2, Diff: 1, Sum: 9]
      [GC Worker Other (ms): Min: 0,0, Avg: 0,0, Max: 0,0, Diff: 0,0, Sum: 0,0]
      [GC Worker Total (ms): Min: 0,0, Avg: 5,4, Max: 12,5, Diff: 12,5, Sum: 42,8]
      [GC Worker End (ms): Min: 138864,7, Avg: 138864,7, Max: 138864,9, Diff: 0,3]
   [Code Root Fixup: 0,0 ms]
   [Code Root Purge: 0,0 ms]
   [Clear CT: 0,1 ms]
   [Other: 41,8 ms]
      [Choose CSet: 0,0 ms]
      [Ref Proc: 40,5 ms]
      [Ref Enq: 0,0 ms]
      [Redirty Cards: 0,9 ms]
      [Humongous Register: 0,1 ms]
      [Humongous Reclaim: 0,0 ms]
      [Free CSet: 0,1 ms]
   [Eden: 45056,0K(45056,0K)->0,0B(47104,0K) Survivors: 7168,0K->5120,0K Heap: 193,3M(1024,0M)->147,1M(1024,0M)]
 [Times: user=0,21 sys=0,00, real=0,05 secs] 
2020-09-08T17:18:27.603+0200: 139,420: [GC pause (G1 Evacuation Pause) (young), 0,0243917 secs]
   [Parallel Time: 13,2 ms, GC Workers: 8]
      [GC Worker Start (ms): Min: 139420,0, Avg: 139425,1, Max: 139430,5, Diff: 10,5]
      [Ext Root Scanning (ms): Min: 0,0, Avg: 0,2, Max: 1,4, Diff: 1,4, Sum: 1,5]
      [Update RS (ms): Min: 0,0, Avg: 0,6, Max: 1,9, Diff: 1,9, Sum: 5,1]
         [Processed Buffers: Min: 0, Avg: 3,5, Max: 18, Diff: 18, Sum: 28]
      [Scan RS (ms): Min: 0,0, Avg: 0,0, Max: 0,0, Diff: 0,0, Sum: 0,1]
      [Code Root Scanning (ms): Min: 0,0, Avg: 0,0, Max: 0,2, Diff: 0,2, Sum: 0,2]
      [Object Copy (ms): Min: 0,0, Avg: 4,4, Max: 9,2, Diff: 9,2, Sum: 35,0]
      [Termination (ms): Min: 0,0, Avg: 2,5, Max: 3,5, Diff: 3,5, Sum: 20,3]
         [Termination Attempts: Min: 1, Avg: 2,2, Max: 6, Diff: 5, Sum: 18]
      [GC Worker Other (ms): Min: 0,0, Avg: 0,0, Max: 0,0, Diff: 0,0, Sum: 0,1]
      [GC Worker Total (ms): Min: 2,3, Avg: 7,8, Max: 12,9, Diff: 10,6, Sum: 62,2]
      [GC Worker End (ms): Min: 139432,7, Avg: 139432,9, Max: 139433,1, Diff: 0,3]
   [Code Root Fixup: 0,0 ms]
   [Code Root Purge: 0,0 ms]
   [Clear CT: 0,1 ms]
   [Other: 11,1 ms]
      [Choose CSet: 0,0 ms]
      [Ref Proc: 10,6 ms]
      [Ref Enq: 0,0 ms]
      [Redirty Cards: 0,1 ms]
      [Humongous Register: 0,1 ms]
      [Humongous Reclaim: 0,0 ms]
      [Free CSet: 0,1 ms]
   [Eden: 47104,0K(47104,0K)->0,0B(46080,0K) Survivors: 5120,0K->6144,0K Heap: 193,1M(1024,0M)->148,1M(1024,0M)]
 [Times: user=0,08 sys=0,00, real=0,03 secs] 
2020-09-08T17:18:28.052+0200: 139,869: [GC pause (G1 Evacuation Pause) (young), 0,0272614 secs]
   [Parallel Time: 8,0 ms, GC Workers: 8]
      [GC Worker Start (ms): Min: 139869,3, Avg: 139872,4, Max: 139877,2, Diff: 7,8]
      [Ext Root Scanning (ms): Min: 0,0, Avg: 0,2, Max: 0,5, Diff: 0,5, Sum: 1,8]
      [Update RS (ms): Min: 0,0, Avg: 1,1, Max: 4,6, Diff: 4,6, Sum: 9,2]
         [Processed Buffers: Min: 0, Avg: 3,8, Max: 18, Diff: 18, Sum: 30]
      [Scan RS (ms): Min: 0,0, Avg: 0,0, Max: 0,0, Diff: 0,0, Sum: 0,1]
      [Code Root Scanning (ms): Min: 0,0, Avg: 0,0, Max: 0,3, Diff: 0,3, Sum: 0,3]
      [Object Copy (ms): Min: 0,0, Avg: 2,9, Max: 5,9, Diff: 5,9, Sum: 23,4]
      [Termination (ms): Min: 0,0, Avg: 0,5, Max: 1,0, Diff: 1,0, Sum: 4,2]
         [Termination Attempts: Min: 1, Avg: 1,1, Max: 2, Diff: 1, Sum: 9]
      [GC Worker Other (ms): Min: 0,0, Avg: 0,0, Max: 0,0, Diff: 0,0, Sum: 0,1]
      [GC Worker Total (ms): Min: 0,0, Avg: 4,9, Max: 7,9, Diff: 7,9, Sum: 38,9]
      [GC Worker End (ms): Min: 139877,2, Avg: 139877,2, Max: 139877,3, Diff: 0,1]
   [Code Root Fixup: 0,0 ms]
   [Code Root Purge: 0,0 ms]
   [Clear CT: 0,1 ms]
   [Other: 19,1 ms]
      [Choose CSet: 0,0 ms]
      [Ref Proc: 18,6 ms]
      [Ref Enq: 0,0 ms]
      [Redirty Cards: 0,1 ms]
      [Humongous Register: 0,1 ms]
      [Humongous Reclaim: 0,0 ms]
      [Free CSet: 0,1 ms]
   [Eden: 46080,0K(46080,0K)->0,0B(49152,0K) Survivors: 6144,0K->3072,0K Heap: 193,1M(1024,0M)->146,8M(1024,0M)]
 [Times: user=0,10 sys=0,00, real=0,03 secs] 
2020-09-08T17:18:35.134+0200: 146,951: [GC pause (G1 Evacuation Pause) (young), 0,0231969 secs]
   [Parallel Time: 19,0 ms, GC Workers: 8]
      [GC Worker Start (ms): Min: 146951,2, Avg: 146955,7, Max: 146961,4, Diff: 10,2]
      [Ext Root Scanning (ms): Min: 0,0, Avg: 0,2, Max: 0,6, Diff: 0,6, Sum: 1,7]
      [Update RS (ms): Min: 0,0, Avg: 4,0, Max: 12,3, Diff: 12,3, Sum: 31,8]
         [Processed Buffers: Min: 0, Avg: 6,5, Max: 21, Diff: 21, Sum: 52]
      [Scan RS (ms): Min: 0,0, Avg: 0,0, Max: 0,0, Diff: 0,0, Sum: 0,1]
      [Code Root Scanning (ms): Min: 0,0, Avg: 0,0, Max: 0,1, Diff: 0,1, Sum: 0,2]
      [Object Copy (ms): Min: 0,0, Avg: 1,7, Max: 4,3, Diff: 4,3, Sum: 13,6]
      [Termination (ms): Min: 0,0, Avg: 2,5, Max: 3,6, Diff: 3,6, Sum: 19,6]
         [Termination Attempts: Min: 1, Avg: 10,2, Max: 30, Diff: 29, Sum: 82]
      [GC Worker Other (ms): Min: 0,0, Avg: 0,0, Max: 0,0, Diff: 0,0, Sum: 0,1]
      [GC Worker Total (ms): Min: 2,7, Avg: 8,4, Max: 12,9, Diff: 10,2, Sum: 67,0]
      [GC Worker End (ms): Min: 146964,1, Avg: 146964,1, Max: 146964,1, Diff: 0,0]
   [Code Root Fixup: 0,0 ms]
   [Code Root Purge: 0,0 ms]
   [Clear CT: 0,1 ms]
   [Other: 4,0 ms]
      [Choose CSet: 0,0 ms]
      [Ref Proc: 3,5 ms]
      [Ref Enq: 0,0 ms]
      [Redirty Cards: 0,2 ms]
      [Humongous Register: 0,0 ms]
      [Humongous Reclaim: 0,0 ms]
      [Free CSet: 0,1 ms]
   [Eden: 49152,0K(49152,0K)->0,0B(47104,0K) Survivors: 3072,0K->5120,0K Heap: 194,8M(1024,0M)->148,2M(1024,0M)]
 [Times: user=0,04 sys=0,00, real=0,02 secs] 
2020-09-08T17:18:35.720+0200: 147,537: [GC pause (G1 Evacuation Pause) (young), 0,0541406 secs]
   [Parallel Time: 49,1 ms, GC Workers: 8]
      [GC Worker Start (ms): Min: 147537,1, Avg: 147550,6, Max: 147556,9, Diff: 19,8]
      [Ext Root Scanning (ms): Min: 0,0, Avg: 0,2, Max: 1,3, Diff: 1,3, Sum: 1,4]
      [Update RS (ms): Min: 0,0, Avg: 3,0, Max: 23,5, Diff: 23,5, Sum: 24,1]
         [Processed Buffers: Min: 0, Avg: 4,0, Max: 28, Diff: 28, Sum: 32]
      [Scan RS (ms): Min: 0,0, Avg: 0,0, Max: 0,1, Diff: 0,1, Sum: 0,1]
      [Code Root Scanning (ms): Min: 0,0, Avg: 0,0, Max: 0,2, Diff: 0,2, Sum: 0,2]
      [Object Copy (ms): Min: 0,0, Avg: 6,0, Max: 32,9, Diff: 32,9, Sum: 48,2]
      [Termination (ms): Min: 0,0, Avg: 21,1, Max: 30,8, Diff: 30,8, Sum: 169,0]
         [Termination Attempts: Min: 1, Avg: 12,8, Max: 37, Diff: 36, Sum: 102]
      [GC Worker Other (ms): Min: 0,0, Avg: 0,0, Max: 0,0, Diff: 0,0, Sum: 0,1]
      [GC Worker Total (ms): Min: 22,6, Avg: 30,4, Max: 44,9, Diff: 22,3, Sum: 243,1]
      [GC Worker End (ms): Min: 147579,5, Avg: 147581,0, Max: 147586,2, Diff: 6,7]
   [Code Root Fixup: 0,0 ms]
   [Code Root Purge: 0,0 ms]
   [Clear CT: 0,1 ms]
   [Other: 4,9 ms]
      [Choose CSet: 0,0 ms]
      [Ref Proc: 4,3 ms]
      [Ref Enq: 0,0 ms]
      [Redirty Cards: 0,2 ms]
      [Humongous Register: 0,1 ms]
      [Humongous Reclaim: 0,0 ms]
      [Free CSet: 0,1 ms]
   [Eden: 47104,0K(47104,0K)->0,0B(49152,0K) Survivors: 5120,0K->3072,0K Heap: 194,2M(1024,0M)->146,6M(1024,0M)]
 [Times: user=0,15 sys=0,00, real=0,06 secs] 
2020-09-08T17:18:36.127+0200: 147,945: [GC pause (G1 Evacuation Pause) (young), 0,0247947 secs]
   [Parallel Time: 17,6 ms, GC Workers: 8]
      [GC Worker Start (ms): Min: 147944,7, Avg: 147950,3, Max: 147955,7, Diff: 11,0]
      [Ext Root Scanning (ms): Min: 0,0, Avg: 0,2, Max: 0,6, Diff: 0,6, Sum: 1,9]
      [Update RS (ms): Min: 0,0, Avg: 1,1, Max: 2,9, Diff: 2,9, Sum: 8,6]
         [Processed Buffers: Min: 0, Avg: 3,9, Max: 13, Diff: 13, Sum: 31]
      [Scan RS (ms): Min: 0,0, Avg: 0,0, Max: 0,0, Diff: 0,0, Sum: 0,1]
      [Code Root Scanning (ms): Min: 0,0, Avg: 0,0, Max: 0,1, Diff: 0,1, Sum: 0,1]
      [Object Copy (ms): Min: 0,0, Avg: 2,7, Max: 11,8, Diff: 11,8, Sum: 21,8]
      [Termination (ms): Min: 0,0, Avg: 6,2, Max: 9,9, Diff: 9,9, Sum: 49,3]
         [Termination Attempts: Min: 1, Avg: 1,8, Max: 5, Diff: 4, Sum: 14]
      [GC Worker Other (ms): Min: 0,0, Avg: 0,0, Max: 0,0, Diff: 0,0, Sum: 0,1]
      [GC Worker Total (ms): Min: 4,5, Avg: 10,2, Max: 17,4, Diff: 12,9, Sum: 81,8]
      [GC Worker End (ms): Min: 147960,1, Avg: 147960,5, Max: 147962,2, Diff: 2,1]
   [Code Root Fixup: 0,0 ms]
   [Code Root Purge: 0,0 ms]
   [Clear CT: 0,3 ms]
   [Other: 7,0 ms]
      [Choose CSet: 0,0 ms]
      [Ref Proc: 6,4 ms]
      [Ref Enq: 0,0 ms]
      [Redirty Cards: 0,2 ms]
      [Humongous Register: 0,1 ms]
      [Humongous Reclaim: 0,0 ms]
      [Free CSet: 0,1 ms]
   [Eden: 49152,0K(49152,0K)->0,0B(49152,0K) Survivors: 3072,0K->3072,0K Heap: 194,6M(1024,0M)->146,5M(1024,0M)]
 [Times: user=0,05 sys=0,00, real=0,02 secs] 
2020-09-08T17:18:50.528+0200: 162,346: [GC pause (G1 Evacuation Pause) (young), 0,0394690 secs]
   [Parallel Time: 27,1 ms, GC Workers: 8]
      [GC Worker Start (ms): Min: 162345,7, Avg: 162349,7, Max: 162358,1, Diff: 12,4]
      [Ext Root Scanning (ms): Min: 0,0, Avg: 0,2, Max: 0,7, Diff: 0,7, Sum: 1,7]
      [Update RS (ms): Min: 0,0, Avg: 9,2, Max: 21,2, Diff: 21,2, Sum: 73,3]
         [Processed Buffers: Min: 0, Avg: 7,1, Max: 25, Diff: 25, Sum: 57]
      [Scan RS (ms): Min: 0,0, Avg: 0,0, Max: 0,0, Diff: 0,0, Sum: 0,1]
      [Code Root Scanning (ms): Min: 0,0, Avg: 0,0, Max: 0,2, Diff: 0,2, Sum: 0,2]
      [Object Copy (ms): Min: 0,0, Avg: 3,3, Max: 8,6, Diff: 8,6, Sum: 26,2]
      [Termination (ms): Min: 0,0, Avg: 6,5, Max: 13,2, Diff: 13,2, Sum: 51,7]
         [Termination Attempts: Min: 1, Avg: 42,8, Max: 173, Diff: 172, Sum: 342]
      [GC Worker Other (ms): Min: 0,0, Avg: 0,0, Max: 0,0, Diff: 0,0, Sum: 0,1]
      [GC Worker Total (ms): Min: 14,6, Avg: 19,2, Max: 21,9, Diff: 7,3, Sum: 153,3]
      [GC Worker End (ms): Min: 162367,6, Avg: 162368,9, Max: 162372,7, Diff: 5,1]
   [Code Root Fixup: 0,0 ms]
   [Code Root Purge: 0,0 ms]
   [Clear CT: 0,1 ms]
   [Other: 12,2 ms]
      [Choose CSet: 0,0 ms]
      [Ref Proc: 11,7 ms]
      [Ref Enq: 0,0 ms]
      [Redirty Cards: 0,2 ms]
      [Humongous Register: 0,1 ms]
      [Humongous Reclaim: 0,0 ms]
      [Free CSet: 0,1 ms]
   [Eden: 49152,0K(49152,0K)->0,0B(48128,0K) Survivors: 3072,0K->4096,0K Heap: 194,5M(1024,0M)->147,8M(1024,0M)]
 [Times: user=0,08 sys=0,00, real=0,04 secs] 
2020-09-08T17:18:51.131+0200: 162,948: [GC pause (G1 Evacuation Pause) (young), 0,0727744 secs]
   [Parallel Time: 17,6 ms, GC Workers: 8]
      [GC Worker Start (ms): Min: 162948,1, Avg: 162949,0, Max: 162949,5, Diff: 1,3]
      [Ext Root Scanning (ms): Min: 0,1, Avg: 4,4, Max: 11,8, Diff: 11,6, Sum: 35,1]
      [Update RS (ms): Min: 0,0, Avg: 1,4, Max: 3,3, Diff: 3,3, Sum: 11,5]
         [Processed Buffers: Min: 0, Avg: 5,2, Max: 14, Diff: 14, Sum: 42]
      [Scan RS (ms): Min: 0,0, Avg: 0,4, Max: 0,8, Diff: 0,8, Sum: 3,0]
      [Code Root Scanning (ms): Min: 0,0, Avg: 0,0, Max: 0,2, Diff: 0,2, Sum: 0,2]
      [Object Copy (ms): Min: 0,0, Avg: 4,9, Max: 11,5, Diff: 11,5, Sum: 39,2]
      [Termination (ms): Min: 0,0, Avg: 5,6, Max: 6,7, Diff: 6,7, Sum: 44,7]
         [Termination Attempts: Min: 1, Avg: 6,1, Max: 11, Diff: 10, Sum: 49]
      [GC Worker Other (ms): Min: 0,0, Avg: 0,0, Max: 0,0, Diff: 0,0, Sum: 0,1]
      [GC Worker Total (ms): Min: 16,2, Avg: 16,7, Max: 17,5, Diff: 1,4, Sum: 133,7]
      [GC Worker End (ms): Min: 162965,6, Avg: 162965,7, Max: 162965,7, Diff: 0,1]
   [Code Root Fixup: 0,0 ms]
   [Code Root Purge: 0,0 ms]
   [Clear CT: 0,2 ms]
   [Other: 54,9 ms]
      [Choose CSet: 0,0 ms]
      [Ref Proc: 11,8 ms]
      [Ref Enq: 0,0 ms]
      [Redirty Cards: 42,8 ms]
      [Humongous Register: 0,1 ms]
      [Humongous Reclaim: 0,0 ms]
      [Free CSet: 0,1 ms]
   [Eden: 48128,0K(48128,0K)->0,0B(47104,0K) Survivors: 4096,0K->5120,0K Heap: 194,8M(1024,0M)->148,9M(1024,0M)]
 [Times: user=0,12 sys=0,00, real=0,07 secs] 
2020-09-08T17:18:51.630+0200: 163,447: [GC pause (G1 Evacuation Pause) (young), 0,0429927 secs]
   [Parallel Time: 23,8 ms, GC Workers: 8]
      [GC Worker Start (ms): Min: 163447,2, Avg: 163452,1, Max: 163458,2, Diff: 11,0]
      [Ext Root Scanning (ms): Min: 0,0, Avg: 0,2, Max: 0,6, Diff: 0,6, Sum: 1,7]
      [Update RS (ms): Min: 0,0, Avg: 2,4, Max: 12,2, Diff: 12,2, Sum: 19,5]
         [Processed Buffers: Min: 0, Avg: 5,4, Max: 23, Diff: 23, Sum: 43]
      [Scan RS (ms): Min: 0,0, Avg: 0,2, Max: 0,7, Diff: 0,7, Sum: 1,9]
      [Code Root Scanning (ms): Min: 0,0, Avg: 0,0, Max: 0,1, Diff: 0,1, Sum: 0,1]
      [Object Copy (ms): Min: 0,0, Avg: 5,5, Max: 9,2, Diff: 9,2, Sum: 43,7]
      [Termination (ms): Min: 0,0, Avg: 4,9, Max: 11,7, Diff: 11,7, Sum: 39,5]
         [Termination Attempts: Min: 1, Avg: 12,5, Max: 51, Diff: 50, Sum: 100]
      [GC Worker Other (ms): Min: 0,0, Avg: 0,0, Max: 0,0, Diff: 0,0, Sum: 0,1]
      [GC Worker Total (ms): Min: 5,4, Avg: 13,3, Max: 23,7, Diff: 18,3, Sum: 106,5]
      [GC Worker End (ms): Min: 163463,6, Avg: 163465,4, Max: 163470,9, Diff: 7,3]
   [Code Root Fixup: 0,0 ms]
   [Code Root Purge: 0,0 ms]
   [Clear CT: 0,1 ms]
   [Other: 19,1 ms]
      [Choose CSet: 0,0 ms]
      [Ref Proc: 18,6 ms]
      [Ref Enq: 0,0 ms]
      [Redirty Cards: 0,1 ms]
      [Humongous Register: 0,1 ms]
      [Humongous Reclaim: 0,0 ms]
      [Free CSet: 0,1 ms]
   [Eden: 47104,0K(47104,0K)->0,0B(45056,0K) Survivors: 5120,0K->7168,0K Heap: 194,9M(1024,0M)->150,6M(1024,0M)]
 [Times: user=0,11 sys=0,00, real=0,05 secs] 
2020-09-08T17:18:51.980+0200: 163,797: [GC pause (G1 Evacuation Pause) (young), 0,0196286 secs]
   [Parallel Time: 11,4 ms, GC Workers: 8]
      [GC Worker Start (ms): Min: 163797,0, Avg: 163798,4, Max: 163802,2, Diff: 5,2]
      [Ext Root Scanning (ms): Min: 0,0, Avg: 0,2, Max: 0,8, Diff: 0,8, Sum: 1,6]
      [Update RS (ms): Min: 0,0, Avg: 2,8, Max: 9,5, Diff: 9,5, Sum: 22,7]
         [Processed Buffers: Min: 0, Avg: 4,8, Max: 17, Diff: 17, Sum: 38]
      [Scan RS (ms): Min: 0,0, Avg: 0,5, Max: 0,9, Diff: 0,9, Sum: 4,2]
      [Code Root Scanning (ms): Min: 0,0, Avg: 0,0, Max: 0,1, Diff: 0,1, Sum: 0,1]
      [Object Copy (ms): Min: 0,1, Avg: 4,3, Max: 7,3, Diff: 7,2, Sum: 34,0]
      [Termination (ms): Min: 0,0, Avg: 1,9, Max: 2,8, Diff: 2,8, Sum: 15,5]
         [Termination Attempts: Min: 1, Avg: 6,2, Max: 13, Diff: 12, Sum: 50]
      [GC Worker Other (ms): Min: 0,0, Avg: 0,0, Max: 0,0, Diff: 0,0, Sum: 0,1]
      [GC Worker Total (ms): Min: 6,0, Avg: 9,8, Max: 11,3, Diff: 5,2, Sum: 78,3]
      [GC Worker End (ms): Min: 163808,2, Avg: 163808,2, Max: 163808,2, Diff: 0,0]
   [Code Root Fixup: 0,0 ms]
   [Code Root Purge: 0,0 ms]
   [Clear CT: 0,8 ms]
   [Other: 7,4 ms]
      [Choose CSet: 0,0 ms]
      [Ref Proc: 6,9 ms]
      [Ref Enq: 0,0 ms]
      [Redirty Cards: 0,1 ms]
      [Humongous Register: 0,1 ms]
      [Humongous Reclaim: 0,0 ms]
      [Free CSet: 0,1 ms]
   [Eden: 45056,0K(45056,0K)->0,0B(46080,0K) Survivors: 7168,0K->6144,0K Heap: 194,6M(1024,0M)->149,3M(1024,0M)]
 [Times: user=0,07 sys=0,00, real=0,02 secs] 
2020-09-08T17:18:57.526+0200: 169,344: [GC pause (G1 Evacuation Pause) (young), 0,0393040 secs]
   [Parallel Time: 31,2 ms, GC Workers: 8]
      [GC Worker Start (ms): Min: 169343,9, Avg: 169355,8, Max: 169362,6, Diff: 18,7]
      [Ext Root Scanning (ms): Min: 0,0, Avg: 0,2, Max: 0,7, Diff: 0,7, Sum: 1,5]
      [Update RS (ms): Min: 0,0, Avg: 1,2, Max: 4,8, Diff: 4,8, Sum: 9,5]
         [Processed Buffers: Min: 0, Avg: 5,9, Max: 29, Diff: 29, Sum: 47]
      [Scan RS (ms): Min: 0,0, Avg: 0,5, Max: 2,2, Diff: 2,2, Sum: 4,2]
      [Code Root Scanning (ms): Min: 0,0, Avg: 0,0, Max: 0,1, Diff: 0,1, Sum: 0,1]
      [Object Copy (ms): Min: 0,0, Avg: 5,6, Max: 23,2, Diff: 23,2, Sum: 45,1]
      [Termination (ms): Min: 0,0, Avg: 11,5, Max: 13,9, Diff: 13,9, Sum: 92,2]
         [Termination Attempts: Min: 1, Avg: 6,2, Max: 18, Diff: 17, Sum: 50]
      [GC Worker Other (ms): Min: 0,0, Avg: 0,0, Max: 0,0, Diff: 0,0, Sum: 0,1]
      [GC Worker Total (ms): Min: 12,3, Avg: 19,1, Max: 31,1, Diff: 18,7, Sum: 152,8]
      [GC Worker End (ms): Min: 169374,8, Avg: 169374,9, Max: 169375,0, Diff: 0,3]
   [Code Root Fixup: 0,0 ms]
   [Code Root Purge: 0,0 ms]
   [Clear CT: 0,2 ms]
   [Other: 7,8 ms]
      [Choose CSet: 0,0 ms]
      [Ref Proc: 7,3 ms]
      [Ref Enq: 0,0 ms]
      [Redirty Cards: 0,2 ms]
      [Humongous Register: 0,1 ms]
      [Humongous Reclaim: 0,0 ms]
      [Free CSet: 0,1 ms]
   [Eden: 46080,0K(46080,0K)->0,0B(46080,0K) Survivors: 6144,0K->6144,0K Heap: 194,3M(1024,0M)->149,7M(1024,0M)]
 [Times: user=0,13 sys=0,00, real=0,04 secs] 
2020-09-08T17:18:57.894+0200: 169,711: [GC pause (G1 Evacuation Pause) (young), 0,0461798 secs]
   [Parallel Time: 42,0 ms, GC Workers: 8]
      [GC Worker Start (ms): Min: 169711,0, Avg: 169720,9, Max: 169726,2, Diff: 15,2]
      [Ext Root Scanning (ms): Min: 0,0, Avg: 0,2, Max: 0,7, Diff: 0,7, Sum: 1,5]
      [Update RS (ms): Min: 0,0, Avg: 1,4, Max: 5,6, Diff: 5,6, Sum: 11,2]
         [Processed Buffers: Min: 0, Avg: 4,2, Max: 24, Diff: 24, Sum: 34]
      [Scan RS (ms): Min: 0,0, Avg: 0,3, Max: 1,3, Diff: 1,3, Sum: 2,5]
      [Code Root Scanning (ms): Min: 0,0, Avg: 0,0, Max: 0,2, Diff: 0,2, Sum: 0,2]
      [Object Copy (ms): Min: 1,0, Avg: 8,2, Max: 24,1, Diff: 23,1, Sum: 65,9]
      [Termination (ms): Min: 0,0, Avg: 12,6, Max: 15,7, Diff: 15,7, Sum: 100,5]
         [Termination Attempts: Min: 1, Avg: 3,2, Max: 6, Diff: 5, Sum: 26]
      [GC Worker Other (ms): Min: 0,0, Avg: 0,0, Max: 0,0, Diff: 0,0, Sum: 0,1]
      [GC Worker Total (ms): Min: 16,6, Avg: 22,7, Max: 38,1, Diff: 21,5, Sum: 181,8]
      [GC Worker End (ms): Min: 169742,7, Avg: 169743,6, Max: 169749,1, Diff: 6,4]
   [Code Root Fixup: 0,0 ms]
   [Code Root Purge: 0,0 ms]
   [Clear CT: 0,1 ms]
   [Other: 4,0 ms]
      [Choose CSet: 0,0 ms]
      [Ref Proc: 3,5 ms]
      [Ref Enq: 0,0 ms]
      [Redirty Cards: 0,2 ms]
      [Humongous Register: 0,1 ms]
      [Humongous Reclaim: 0,0 ms]
      [Free CSet: 0,1 ms]
   [Eden: 46080,0K(46080,0K)->0,0B(46080,0K) Survivors: 6144,0K->6144,0K Heap: 194,7M(1024,0M)->149,9M(1024,0M)]
 [Times: user=0,11 sys=0,00, real=0,04 secs] 
2020-09-08T17:18:58.313+0200: 170,130: [GC pause (G1 Evacuation Pause) (young), 0,0479693 secs]
   [Parallel Time: 37,9 ms, GC Workers: 8]
      [GC Worker Start (ms): Min: 170130,2, Avg: 170134,1, Max: 170140,3, Diff: 10,1]
      [Ext Root Scanning (ms): Min: 0,0, Avg: 0,2, Max: 0,6, Diff: 0,6, Sum: 2,0]
      [Update RS (ms): Min: 0,0, Avg: 1,5, Max: 3,1, Diff: 3,1, Sum: 12,1]
         [Processed Buffers: Min: 0, Avg: 4,8, Max: 14, Diff: 14, Sum: 38]
      [Scan RS (ms): Min: 0,0, Avg: 0,5, Max: 0,8, Diff: 0,8, Sum: 3,8]
      [Code Root Scanning (ms): Min: 0,0, Avg: 0,0, Max: 0,1, Diff: 0,1, Sum: 0,1]
      [Object Copy (ms): Min: 0,0, Avg: 5,5, Max: 27,5, Diff: 27,5, Sum: 44,4]
      [Termination (ms): Min: 0,0, Avg: 20,8, Max: 27,5, Diff: 27,5, Sum: 166,3]
         [Termination Attempts: Min: 1, Avg: 1,1, Max: 2, Diff: 1, Sum: 9]
      [GC Worker Other (ms): Min: 0,0, Avg: 0,0, Max: 0,0, Diff: 0,0, Sum: 0,1]
      [GC Worker Total (ms): Min: 21,9, Avg: 28,6, Max: 35,8, Diff: 13,9, Sum: 228,6]
      [GC Worker End (ms): Min: 170162,1, Avg: 170162,7, Max: 170166,2, Diff: 4,1]
   [Code Root Fixup: 0,0 ms]
   [Code Root Purge: 0,0 ms]
   [Clear CT: 0,2 ms]
   [Other: 9,8 ms]
      [Choose CSet: 0,0 ms]
      [Ref Proc: 9,3 ms]
      [Ref Enq: 0,0 ms]
      [Redirty Cards: 0,1 ms]
      [Humongous Register: 0,1 ms]
      [Humongous Reclaim: 0,0 ms]
      [Free CSet: 0,1 ms]
   [Eden: 46080,0K(46080,0K)->0,0B(46080,0K) Survivors: 6144,0K->6144,0K Heap: 194,9M(1024,0M)->149,7M(1024,0M)]
 [Times: user=0,22 sys=0,00, real=0,05 secs] 
2020-09-08T17:19:02.037+0200: 173,854: [GC pause (G1 Evacuation Pause) (young), 0,0507128 secs]
   [Parallel Time: 44,9 ms, GC Workers: 8]
      [GC Worker Start (ms): Min: 173854,4, Avg: 173866,6, Max: 173881,0, Diff: 26,7]
      [Ext Root Scanning (ms): Min: 0,0, Avg: 0,2, Max: 1,4, Diff: 1,3, Sum: 1,4]
      [Update RS (ms): Min: 0,0, Avg: 6,7, Max: 26,5, Diff: 26,5, Sum: 53,3]
         [Processed Buffers: Min: 0, Avg: 6,0, Max: 21, Diff: 21, Sum: 48]
      [Scan RS (ms): Min: 0,0, Avg: 0,2, Max: 1,1, Diff: 1,1, Sum: 1,9]
      [Code Root Scanning (ms): Min: 0,0, Avg: 0,0, Max: 0,0, Diff: 0,0, Sum: 0,1]
      [Object Copy (ms): Min: 0,0, Avg: 12,0, Max: 28,6, Diff: 28,6, Sum: 95,7]
      [Termination (ms): Min: 0,0, Avg: 13,3, Max: 18,8, Diff: 18,8, Sum: 106,5]
         [Termination Attempts: Min: 1, Avg: 2,0, Max: 5, Diff: 4, Sum: 16]
      [GC Worker Other (ms): Min: 0,0, Avg: 0,0, Max: 0,0, Diff: 0,0, Sum: 0,1]
      [GC Worker Total (ms): Min: 17,9, Avg: 32,4, Max: 44,5, Diff: 26,6, Sum: 258,9]
      [GC Worker End (ms): Min: 173898,8, Avg: 173898,9, Max: 173899,2, Diff: 0,4]
   [Code Root Fixup: 0,0 ms]
   [Code Root Purge: 0,0 ms]
   [Clear CT: 0,1 ms]
   [Other: 5,7 ms]
      [Choose CSet: 0,0 ms]
      [Ref Proc: 5,2 ms]
      [Ref Enq: 0,0 ms]
      [Redirty Cards: 0,2 ms]
      [Humongous Register: 0,1 ms]
      [Humongous Reclaim: 0,0 ms]
      [Free CSet: 0,1 ms]
   [Eden: 46080,0K(46080,0K)->0,0B(45056,0K) Survivors: 6144,0K->7168,0K Heap: 194,7M(1024,0M)->151,4M(1024,0M)]
 [Times: user=0,11 sys=0,00, real=0,05 secs] 
2020-09-08T17:19:02.833+0200: 174,650: [GC pause (G1 Evacuation Pause) (young), 0,0319148 secs]
   [Parallel Time: 28,7 ms, GC Workers: 8]
      [GC Worker Start (ms): Min: 174650,4, Avg: 174652,8, Max: 174659,3, Diff: 8,8]
      [Ext Root Scanning (ms): Min: 0,0, Avg: 0,2, Max: 0,5, Diff: 0,5, Sum: 1,7]
      [Update RS (ms): Min: 0,0, Avg: 2,8, Max: 11,3, Diff: 11,3, Sum: 22,1]
         [Processed Buffers: Min: 0, Avg: 5,4, Max: 21, Diff: 21, Sum: 43]
      [Scan RS (ms): Min: 0,0, Avg: 0,4, Max: 0,8, Diff: 0,8, Sum: 3,2]
      [Code Root Scanning (ms): Min: 0,0, Avg: 0,0, Max: 0,1, Diff: 0,1, Sum: 0,1]
      [Object Copy (ms): Min: 0,0, Avg: 5,5, Max: 25,1, Diff: 25,1, Sum: 43,7]
      [Termination (ms): Min: 0,0, Avg: 17,4, Max: 20,8, Diff: 20,8, Sum: 139,5]
         [Termination Attempts: Min: 1, Avg: 17,9, Max: 48, Diff: 47, Sum: 143]
      [GC Worker Other (ms): Min: 0,0, Avg: 0,0, Max: 0,0, Diff: 0,0, Sum: 0,1]
      [GC Worker Total (ms): Min: 19,9, Avg: 26,3, Max: 28,7, Diff: 8,8, Sum: 210,2]
      [GC Worker End (ms): Min: 174679,0, Avg: 174679,1, Max: 174679,1, Diff: 0,1]
   [Code Root Fixup: 0,0 ms]
   [Code Root Purge: 0,0 ms]
   [Clear CT: 0,8 ms]
   [Other: 2,4 ms]
      [Choose CSet: 0,0 ms]
      [Ref Proc: 1,9 ms]
      [Ref Enq: 0,0 ms]
      [Redirty Cards: 0,1 ms]
      [Humongous Register: 0,1 ms]
      [Humongous Reclaim: 0,0 ms]
      [Free CSet: 0,0 ms]
   [Eden: 45056,0K(45056,0K)->0,0B(46080,0K) Survivors: 7168,0K->6144,0K Heap: 195,4M(1024,0M)->151,1M(1024,0M)]
 [Times: user=0,13 sys=0,00, real=0,03 secs] 
2020-09-08T17:19:03.427+0200: 175,245: [GC pause (G1 Evacuation Pause) (young), 0,0532901 secs]
   [Parallel Time: 15,0 ms, GC Workers: 8]
      [GC Worker Start (ms): Min: 175244,7, Avg: 175246,9, Max: 175250,2, Diff: 5,5]
      [Ext Root Scanning (ms): Min: 0,0, Avg: 0,2, Max: 0,6, Diff: 0,6, Sum: 1,7]
      [Update RS (ms): Min: 0,0, Avg: 2,7, Max: 9,2, Diff: 9,2, Sum: 21,3]
         [Processed Buffers: Min: 0, Avg: 5,2, Max: 15, Diff: 15, Sum: 42]
      [Scan RS (ms): Min: 0,0, Avg: 0,8, Max: 1,8, Diff: 1,8, Sum: 6,5]
      [Code Root Scanning (ms): Min: 0,0, Avg: 0,0, Max: 0,0, Diff: 0,0, Sum: 0,0]
      [Object Copy (ms): Min: 1,8, Avg: 6,4, Max: 9,3, Diff: 7,5, Sum: 50,9]
      [Termination (ms): Min: 0,0, Avg: 2,5, Max: 3,2, Diff: 3,2, Sum: 19,9]
         [Termination Attempts: Min: 1, Avg: 1,8, Max: 3, Diff: 2, Sum: 14]
      [GC Worker Other (ms): Min: 0,0, Avg: 0,0, Max: 0,0, Diff: 0,0, Sum: 0,1]
      [GC Worker Total (ms): Min: 9,2, Avg: 12,5, Max: 14,9, Diff: 5,7, Sum: 100,3]
      [GC Worker End (ms): Min: 175259,3, Avg: 175259,5, Max: 175259,6, Diff: 0,3]
   [Code Root Fixup: 0,0 ms]
   [Code Root Purge: 0,0 ms]
   [Clear CT: 1,5 ms]
   [Other: 36,8 ms]
      [Choose CSet: 0,0 ms]
      [Ref Proc: 36,3 ms]
      [Ref Enq: 0,0 ms]
      [Redirty Cards: 0,2 ms]
      [Humongous Register: 0,1 ms]
      [Humongous Reclaim: 0,0 ms]
      [Free CSet: 0,1 ms]
   [Eden: 46080,0K(46080,0K)->0,0B(46080,0K) Survivors: 6144,0K->6144,0K Heap: 196,1M(1024,0M)->150,9M(1024,0M)]
 [Times: user=0,14 sys=0,00, real=0,05 secs] 
2020-09-08T17:19:03.864+0200: 175,681: [GC pause (G1 Evacuation Pause) (young), 0,0296474 secs]
   [Parallel Time: 25,6 ms, GC Workers: 8]
      [GC Worker Start (ms): Min: 175681,2, Avg: 175689,6, Max: 175697,3, Diff: 16,2]
      [Ext Root Scanning (ms): Min: 0,0, Avg: 0,2, Max: 0,6, Diff: 0,6, Sum: 1,6]
      [Update RS (ms): Min: 0,0, Avg: 1,1, Max: 3,1, Diff: 3,1, Sum: 9,1]
         [Processed Buffers: Min: 0, Avg: 4,5, Max: 17, Diff: 17, Sum: 36]
      [Scan RS (ms): Min: 0,1, Avg: 3,5, Max: 22,0, Diff: 21,9, Sum: 27,7]
      [Code Root Scanning (ms): Min: 0,0, Avg: 0,0, Max: 0,0, Diff: 0,0, Sum: 0,0]
      [Object Copy (ms): Min: 0,0, Avg: 3,2, Max: 8,5, Diff: 8,5, Sum: 25,4]
      [Termination (ms): Min: 0,0, Avg: 9,2, Max: 11,2, Diff: 11,2, Sum: 73,3]
         [Termination Attempts: Min: 1, Avg: 6,9, Max: 19, Diff: 18, Sum: 55]
      [GC Worker Other (ms): Min: 0,0, Avg: 0,0, Max: 0,0, Diff: 0,0, Sum: 0,1]
      [GC Worker Total (ms): Min: 9,4, Avg: 17,2, Max: 25,6, Diff: 16,2, Sum: 137,2]
      [GC Worker End (ms): Min: 175706,7, Avg: 175706,7, Max: 175706,8, Diff: 0,1]
   [Code Root Fixup: 0,0 ms]
   [Code Root Purge: 0,0 ms]
   [Clear CT: 0,2 ms]
   [Other: 3,8 ms]
      [Choose CSet: 0,0 ms]
      [Ref Proc: 3,4 ms]
      [Ref Enq: 0,0 ms]
      [Redirty Cards: 0,1 ms]
      [Humongous Register: 0,0 ms]
      [Humongous Reclaim: 0,0 ms]
      [Free CSet: 0,0 ms]
   [Eden: 46080,0K(46080,0K)->0,0B(45056,0K) Survivors: 6144,0K->7168,0K Heap: 195,9M(1024,0M)->151,5M(1024,0M)]
 [Times: user=0,09 sys=0,00, real=0,04 secs] 
