OpenJDK 64-Bit Server VM (25.265-b01) for linux-amd64 JRE (1.8.0_265-8u265-b01-0ubuntu2~18.04-b01), built on Aug  3 2020 01:16:56 by "buildd" with gcc 7.5.0
Memory: 4k page, physical 32733468k(18356732k free), swap 1003516k(25528k free)
CommandLine flags: -XX:+DisableExplicitGC -XX:InitialHeapSize=536870912 -XX:InitiatingHeapOccupancyPercent=35 -XX:+ManagementServer -XX:MaxGCPauseMillis=20 -XX:MaxHeapSize=536870912 -XX:+PrintGC -XX:+PrintGCDateStamps -XX:+PrintGCDetails -XX:+PrintGCTimeStamps -XX:+UseCompressedClassPointers -XX:+UseCompressedOops -XX:+UseG1GC 
2020-09-08T17:17:16.343+0200: 74,635: [GC pause (G1 Evacuation Pause) (young), 0,0251123 secs]
   [Parallel Time: 13,5 ms, GC Workers: 8]
      [GC Worker Start (ms): Min: 74635,3, Avg: 74643,5, Max: 74648,5, Diff: 13,3]
      [Ext Root Scanning (ms): Min: 0,0, Avg: 0,4, Max: 2,8, Diff: 2,8, Sum: 2,8]
      [Update RS (ms): Min: 0,0, Avg: 0,0, Max: 0,0, Diff: 0,0, Sum: 0,0]
         [Processed Buffers: Min: 0, Avg: 0,0, Max: 0, Diff: 0, Sum: 0]
      [Scan RS (ms): Min: 0,0, Avg: 0,0, Max: 0,0, Diff: 0,0, Sum: 0,0]
      [Code Root Scanning (ms): Min: 0,0, Avg: 0,1, Max: 1,1, Diff: 1,1, Sum: 1,1]
      [Object Copy (ms): Min: 0,0, Avg: 2,8, Max: 6,6, Diff: 6,6, Sum: 22,3]
      [Termination (ms): Min: 0,0, Avg: 1,7, Max: 2,8, Diff: 2,8, Sum: 13,8]
         [Termination Attempts: Min: 1, Avg: 9,0, Max: 24, Diff: 23, Sum: 72]
      [GC Worker Other (ms): Min: 0,0, Avg: 0,0, Max: 0,0, Diff: 0,0, Sum: 0,1]
      [GC Worker Total (ms): Min: 0,0, Avg: 5,0, Max: 13,3, Diff: 13,3, Sum: 40,2]
      [GC Worker End (ms): Min: 74648,5, Avg: 74648,6, Max: 74648,7, Diff: 0,1]
   [Code Root Fixup: 0,0 ms]
   [Code Root Purge: 0,0 ms]
   [Clear CT: 0,6 ms]
   [Other: 11,0 ms]
      [Choose CSet: 0,0 ms]
      [Ref Proc: 10,6 ms]
      [Ref Enq: 0,0 ms]
      [Redirty Cards: 0,1 ms]
      [Humongous Register: 0,0 ms]
      [Humongous Reclaim: 0,0 ms]
      [Free CSet: 0,1 ms]
   [Eden: 25600,0K(25600,0K)->0,0B(21504,0K) Survivors: 0,0B->4096,0K Heap: 25600,0K(512,0M)->3852,9K(512,0M)]
 [Times: user=0,04 sys=0,00, real=0,03 secs] 
2020-09-08T17:17:21.647+0200: 79,939: [GC pause (G1 Evacuation Pause) (young), 0,0228313 secs]
   [Parallel Time: 16,5 ms, GC Workers: 8]
      [GC Worker Start (ms): Min: 79939,3, Avg: 79941,1, Max: 79944,6, Diff: 5,3]
      [Ext Root Scanning (ms): Min: 0,0, Avg: 1,0, Max: 6,3, Diff: 6,3, Sum: 8,4]
      [Update RS (ms): Min: 0,0, Avg: 0,0, Max: 0,0, Diff: 0,0, Sum: 0,0]
         [Processed Buffers: Min: 0, Avg: 0,0, Max: 0, Diff: 0, Sum: 0]
      [Scan RS (ms): Min: 0,0, Avg: 0,0, Max: 0,0, Diff: 0,0, Sum: 0,1]
      [Code Root Scanning (ms): Min: 0,0, Avg: 1,3, Max: 8,6, Diff: 8,6, Sum: 10,1]
      [Object Copy (ms): Min: 2,2, Avg: 9,2, Max: 12,9, Diff: 10,7, Sum: 73,6]
      [Termination (ms): Min: 0,0, Avg: 2,8, Max: 4,6, Diff: 4,6, Sum: 22,8]
         [Termination Attempts: Min: 1, Avg: 2,4, Max: 5, Diff: 4, Sum: 19]
      [GC Worker Other (ms): Min: 0,0, Avg: 0,0, Max: 0,0, Diff: 0,0, Sum: 0,1]
      [GC Worker Total (ms): Min: 10,8, Avg: 14,4, Max: 16,3, Diff: 5,4, Sum: 115,0]
      [GC Worker End (ms): Min: 79955,4, Avg: 79955,5, Max: 79955,7, Diff: 0,2]
   [Code Root Fixup: 0,1 ms]
   [Code Root Purge: 0,0 ms]
   [Clear CT: 0,1 ms]
   [Other: 6,1 ms]
      [Choose CSet: 0,0 ms]
      [Ref Proc: 4,8 ms]
      [Ref Enq: 0,0 ms]
      [Redirty Cards: 1,0 ms]
      [Humongous Register: 0,1 ms]
      [Humongous Reclaim: 0,0 ms]
      [Free CSet: 0,1 ms]
   [Eden: 21504,0K(21504,0K)->0,0B(21504,0K) Survivors: 4096,0K->4096,0K Heap: 25356,9K(512,0M)->5921,8K(512,0M)]
 [Times: user=0,04 sys=0,00, real=0,02 secs] 
